Godot Engine v4.6.1.stable.official.14d19694e - https://godotengine.org
OpenGL API 3.3.0 NVIDIA 610.88 - Compatibility - Using Device: NVIDIA - NVIDIA GeForce RTX 4070 Ti

WARNING: Loaded resource as image file, this will not work on export: 'res://rooms/whole-room/nursery-master.png'. Instead, import the image file as an Image resource and load it normally as a resource.
   at: load (core/io/image.cpp:2756)
   GDScript backtrace (most recent call first):
       [0] _ready (res://rooms/whole-room/nursery_whole_view.gd:41)
       [1] _ready (res://scripts/grid_canvas.gd:223)
       [2] _build_ui (res://scripts/main.gd:457)
       [3] _ready (res://scripts/main.gd:306)
       [4] run (res://tests/playtest_crew_death.gd:11)
WARNING: Loaded resource as image file, this will not work on export: 'res://rooms/whole-room/life-support-candidate.png'. Instead, import the image file as an Image resource and load it normally as a resource.
   at: load (core/io/image.cpp:2756)
   GDScript backtrace (most recent call first):
       [0] _ready (res://rooms/whole-room/connected_rooms_view.gd:13)
       [1] _ready (res://rooms/whole-room/underwater_life_support_view.gd:10)
       [2] _ready (res://scripts/grid_canvas.gd:227)
       [3] _build_ui (res://scripts/main.gd:457)
       [4] _ready (res://scripts/main.gd:306)
       [5] run (res://tests/playtest_crew_death.gd:11)
WARNING: Loaded resource as image file, this will not work on export: 'res://rooms/whole-room/nursery-master.png'. Instead, import the image file as an Image resource and load it normally as a resource.
   at: load (core/io/image.cpp:2756)
   GDScript backtrace (most recent call first):
       [0] _ready (res://rooms/whole-room/nursery_whole_view.gd:41)
       [1] _ready (res://rooms/whole-room/connected_rooms_view.gd:16)
       [2] _ready (res://rooms/whole-room/underwater_life_support_view.gd:10)
       [3] _ready (res://scripts/grid_canvas.gd:227)
       [4] _build_ui (res://scripts/main.gd:457)
       [5] _ready (res://scripts/main.gd:306)
       [6] run (res://tests/playtest_crew_death.gd:11)
WARNING: Loaded resource as image file, this will not work on export: 'res://rooms/whole-room/life-support-candidate.png'. Instead, import the image file as an Image resource and load it normally as a resource.
   at: load (core/io/image.cpp:2756)
   GDScript backtrace (most recent call first):
       [0] _ready (res://rooms/whole-room/connected_rooms_view.gd:13)
       [1] _ready (res://rooms/whole-room/hydroponics_view.gd:5)
       [2] _ready (res://scripts/grid_canvas.gd:231)
       [3] _build_ui (res://scripts/main.gd:457)
       [4] _ready (res://scripts/main.gd:306)
       [5] run (res://tests/playtest_crew_death.gd:11)
WARNING: Loaded resource as image file, this will not work on export: 'res://rooms/whole-room/nursery-master.png'. Instead, import the image file as an Image resource and load it normally as a resource.
   at: load (core/io/image.cpp:2756)
   GDScript backtrace (most recent call first):
       [0] _ready (res://rooms/whole-room/nursery_whole_view.gd:41)
       [1] _ready (res://rooms/whole-room/connected_rooms_view.gd:16)
       [2] _ready (res://rooms/whole-room/hydroponics_view.gd:5)
       [3] _ready (res://scripts/grid_canvas.gd:231)
       [4] _build_ui (res://scripts/main.gd:457)
       [5] _ready (res://scripts/main.gd:306)
       [6] run (res://tests/playtest_crew_death.gd:11)
WARNING: Loaded resource as image file, this will not work on export: 'res://rooms/whole-room/hydroponics-candidate.png'. Instead, import the image file as an Image resource and load it normally as a resource.
   at: load (core/io/image.cpp:2756)
   GDScript backtrace (most recent call first):
       [0] _ready (res://rooms/whole-room/hydroponics_view.gd:7)
       [1] _ready (res://scripts/grid_canvas.gd:231)
       [2] _build_ui (res://scripts/main.gd:457)
       [3] _ready (res://scripts/main.gd:306)
       [4] run (res://tests/playtest_crew_death.gd:11)
WARNING: Loaded resource as image file, this will not work on export: 'res://rooms/whole-room/life-support-candidate.png'. Instead, import the image file as an Image resource and load it normally as a resource.
   at: load (core/io/image.cpp:2756)
   GDScript backtrace (most recent call first):
       [0] _ready (res://rooms/whole-room/connected_rooms_view.gd:13)
       [1] _ready (res://rooms/whole-room/reactor_view.gd:5)
       [2] _ready (res://scripts/grid_canvas.gd:235)
       [3] _build_ui (res://scripts/main.gd:457)
       [4] _ready (res://scripts/main.gd:306)
       [5] run (res://tests/playtest_crew_death.gd:11)
WARNING: Loaded resource as image file, this will not work on export: 'res://rooms/whole-room/nursery-master.png'. Instead, import the image file as an Image resource and load it normally as a resource.
   at: load (core/io/image.cpp:2756)
   GDScript backtrace (most recent call first):
       [0] _ready (res://rooms/whole-room/nursery_whole_view.gd:41)
       [1] _ready (res://rooms/whole-room/connected_rooms_view.gd:16)
       [2] _ready (res://rooms/whole-room/reactor_view.gd:5)
       [3] _ready (res://scripts/grid_canvas.gd:235)
       [4] _build_ui (res://scripts/main.gd:457)
       [5] _ready (res://scripts/main.gd:306)
       [6] run (res://tests/playtest_crew_death.gd:11)
WARNING: Loaded resource as image file, this will not work on export: 'res://rooms/underwater/reactor/source-v1.png'. Instead, import the image file as an Image resource and load it normally as a resource.
   at: load (core/io/image.cpp:2756)
   GDScript backtrace (most recent call first):
       [0] _ready (res://rooms/whole-room/reactor_view.gd:7)
       [1] _ready (res://scripts/grid_canvas.gd:235)
       [2] _build_ui (res://scripts/main.gd:457)
       [3] _ready (res://scripts/main.gd:306)
       [4] run (res://tests/playtest_crew_death.gd:11)
WARNING: Loaded resource as image file, this will not work on export: 'res://rooms/whole-room/life-support-candidate.png'. Instead, import the image file as an Image resource and load it normally as a resource.
   at: load (core/io/image.cpp:2756)
   GDScript backtrace (most recent call first):
       [0] _ready (res://rooms/whole-room/connected_rooms_view.gd:13)
       [1] _ready (res://rooms/whole-room/med_bay_view.gd:7)
       [2] _ready (res://scripts/grid_canvas.gd:239)
       [3] _build_ui (res://scripts/main.gd:457)
       [4] _ready (res://scripts/main.gd:306)
       [5] run (res://tests/playtest_crew_death.gd:11)
WARNING: Loaded resource as image file, this will not work on export: 'res://rooms/whole-room/nursery-master.png'. Instead, import the image file as an Image resource and load it normally as a resource.
   at: load (core/io/image.cpp:2756)
   GDScript backtrace (most recent call first):
       [0] _ready (res://rooms/whole-room/nursery_whole_view.gd:41)
       [1] _ready (res://rooms/whole-room/connected_rooms_view.gd:16)
       [2] _ready (res://rooms/whole-room/med_bay_view.gd:7)
       [3] _ready (res://scripts/grid_canvas.gd:239)
       [4] _build_ui (res://scripts/main.gd:457)
       [5] _ready (res://scripts/main.gd:306)
       [6] run (res://tests/playtest_crew_death.gd:11)
WARNING: Loaded resource as image file, this will not work on export: 'res://rooms/whole-room/med-bay-source-v1.png'. Instead, import the image file as an Image resource and load it normally as a resource.
   at: load (core/io/image.cpp:2756)
   GDScript backtrace (most recent call first):
       [0] _ready (res://rooms/whole-room/med_bay_view.gd:9)
       [1] _ready (res://scripts/grid_canvas.gd:239)
       [2] _build_ui (res://scripts/main.gd:457)
       [3] _ready (res://scripts/main.gd:306)
       [4] run (res://tests/playtest_crew_death.gd:11)
WARNING: Loaded resource as image file, this will not work on export: 'res://rooms/whole-room/life-support-candidate.png'. Instead, import the image file as an Image resource and load it normally as a resource.
   at: load (core/io/image.cpp:2756)
   GDScript backtrace (most recent call first):
       [0] _ready (res://rooms/whole-room/connected_rooms_view.gd:13)
       [1] _ready (res://rooms/whole-room/crew_hab_view.gd:6)
       [2] _ready (res://scripts/grid_canvas.gd:243)
       [3] _build_ui (res://scripts/main.gd:457)
       [4] _ready (res://scripts/main.gd:306)
       [5] run (res://tests/playtest_crew_death.gd:11)
WARNING: Loaded resource as image file, this will not work on export: 'res://rooms/whole-room/nursery-master.png'. Instead, import the image file as an Image resource and load it normally as a resource.
   at: load (core/io/image.cpp:2756)
   GDScript backtrace (most recent call first):
       [0] _ready (res://rooms/whole-room/nursery_whole_view.gd:41)
       [1] _ready (res://rooms/whole-room/connected_rooms_view.gd:16)
       [2] _ready (res://rooms/whole-room/crew_hab_view.gd:6)
       [3] _ready (res://scripts/grid_canvas.gd:243)
       [4] _build_ui (res://scripts/main.gd:457)
       [5] _ready (res://scripts/main.gd:306)
       [6] run (res://tests/playtest_crew_death.gd:11)
WARNING: Loaded resource as image file, this will not work on export: 'res://rooms/whole-room/life-support-candidate.png'. Instead, import the image file as an Image resource and load it normally as a resource.
   at: load (core/io/image.cpp:2756)
   GDScript backtrace (most recent call first):
       [0] _ready (res://rooms/whole-room/connected_rooms_view.gd:13)
       [1] _ready (res://rooms/underwater/batch-two/cryo_chamber_view.gd:6)
       [2] _ready (res://scripts/grid_canvas.gd:247)
       [3] _build_ui (res://scripts/main.gd:457)
       [4] _ready (res://scripts/main.gd:306)
       [5] run (res://tests/playtest_crew_death.gd:11)
WARNING: Loaded resource as image file, this will not work on export: 'res://rooms/whole-room/nursery-master.png'. Instead, import the image file as an Image resource and load it normally as a resource.
   at: load (core/io/image.cpp:2756)
   GDScript backtrace (most recent call first):
       [0] _ready (res://rooms/whole-room/nursery_whole_view.gd:41)
       [1] _ready (res://rooms/whole-room/connected_rooms_view.gd:16)
       [2] _ready (res://rooms/underwater/batch-two/cryo_chamber_view.gd:6)
       [3] _ready (res://scripts/grid_canvas.gd:247)
       [4] _build_ui (res://scripts/main.gd:457)
       [5] _ready (res://scripts/main.gd:306)
       [6] run (res://tests/playtest_crew_death.gd:11)
WARNING: Loaded resource as image file, this will not work on export: 'res://rooms/whole-room/life-support-candidate.png'. Instead, import the image file as an Image resource and load it normally as a resource.
   at: load (core/io/image.cpp:2756)
   GDScript backtrace (most recent call first):
       [0] _ready (res://rooms/whole-room/connected_rooms_view.gd:13)
       [1] _ready (res://rooms/underwater/batch-two/clone_lab_view.gd:4)
       [2] _ready (res://scripts/grid_canvas.gd:251)
       [3] _build_ui (res://scripts/main.gd:457)
       [4] _ready (res://scripts/main.gd:306)
       [5] run (res://tests/playtest_crew_death.gd:11)
WARNING: Loaded resource as image file, this will not work on export: 'res://rooms/whole-room/nursery-master.png'. Instead, import the image file as an Image resource and load it normally as a resource.
   at: load (core/io/image.cpp:2756)
   GDScript backtrace (most recent call first):
       [0] _ready (res://rooms/whole-room/nursery_whole_view.gd:41)
       [1] _ready (res://rooms/whole-room/connected_rooms_view.gd:16)
       [2] _ready (res://rooms/underwater/batch-two/clone_lab_view.gd:4)
       [3] _ready (res://scripts/grid_canvas.gd:251)
       [4] _build_ui (res://scripts/main.gd:457)
       [5] _ready (res://scripts/main.gd:306)
       [6] run (res://tests/playtest_crew_death.gd:11)
WARNING: Loaded resource as image file, this will not work on export: 'res://rooms/whole-room/life-support-candidate.png'. Instead, import the image file as an Image resource and load it normally as a resource.
   at: load (core/io/image.cpp:2756)
   GDScript backtrace (most recent call first):
       [0] _ready (res://rooms/whole-room/connected_rooms_view.gd:13)
       [1] _ready (res://rooms/underwater/batch-two/data_archive_view.gd:4)
       [2] _ready (res://scripts/grid_canvas.gd:255)
       [3] _build_ui (res://scripts/main.gd:457)
       [4] _ready (res://scripts/main.gd:306)
       [5] run (res://tests/playtest_crew_death.gd:11)
WARNING: Loaded resource as image file, this will not work on export: 'res://rooms/whole-room/nursery-master.png'. Instead, import the image file as an Image resource and load it normally as a resource.
   at: load (core/io/image.cpp:2756)
   GDScript backtrace (most recent call first):
       [0] _ready (res://rooms/whole-room/nursery_whole_view.gd:41)
       [1] _ready (res://rooms/whole-room/connected_rooms_view.gd:16)
       [2] _ready (res://rooms/underwater/batch-two/data_archive_view.gd:4)
       [3] _ready (res://scripts/grid_canvas.gd:255)
       [4] _build_ui (res://scripts/main.gd:457)
       [5] _ready (res://scripts/main.gd:306)
       [6] run (res://tests/playtest_crew_death.gd:11)
WARNING: Loaded resource as image file, this will not work on export: 'res://rooms/whole-room/life-support-candidate.png'. Instead, import the image file as an Image resource and load it normally as a resource.
   at: load (core/io/image.cpp:2756)
   GDScript backtrace (most recent call first):
       [0] _ready (res://rooms/whole-room/connected_rooms_view.gd:13)
       [1] _ready (res://rooms/underwater/batch-two/biodome_view.gd:5)
       [2] _ready (res://scripts/grid_canvas.gd:259)
       [3] _build_ui (res://scripts/main.gd:457)
       [4] _ready (res://scripts/main.gd:306)
       [5] run (res://tests/playtest_crew_death.gd:11)
WARNING: Loaded resource as image file, this will not work on export: 'res://rooms/whole-room/nursery-master.png'. Instead, import the image file as an Image resource and load it normally as a resource.
   at: load (core/io/image.cpp:2756)
   GDScript backtrace (most recent call first):
       [0] _ready (res://rooms/whole-room/nursery_whole_view.gd:41)
       [1] _ready (res://rooms/whole-room/connected_rooms_view.gd:16)
       [2] _ready (res://rooms/underwater/batch-two/biodome_view.gd:5)
       [3] _ready (res://scripts/grid_canvas.gd:259)
       [4] _build_ui (res://scripts/main.gd:457)
       [5] _ready (res://scripts/main.gd:306)
       [6] run (res://tests/playtest_crew_death.gd:11)
WARNING: Loaded resource as image file, this will not work on export: 'res://rooms/whole-room/life-support-candidate.png'. Instead, import the image file as an Image resource and load it normally as a resource.
   at: load (core/io/image.cpp:2756)
   GDScript backtrace (most recent call first):
       [0] _ready (res://rooms/whole-room/connected_rooms_view.gd:13)
       [1] _ready (res://rooms/underwater/batch-two/xeno_lab_view.gd:4)
       [2] _ready (res://scripts/grid_canvas.gd:263)
       [3] _build_ui (res://scripts/main.gd:457)
       [4] _ready (res://scripts/main.gd:306)
       [5] run (res://tests/playtest_crew_death.gd:11)
WARNING: Loaded resource as image file, this will not work on export: 'res://rooms/whole-room/nursery-master.png'. Instead, import the image file as an Image resource and load it normally as a resource.
   at: load (core/io/image.cpp:2756)
   GDScript backtrace (most recent call first):
       [0] _ready (res://rooms/whole-room/nursery_whole_view.gd:41)
       [1] _ready (res://rooms/whole-room/connected_rooms_view.gd:16)
       [2] _ready (res://rooms/underwater/batch-two/xeno_lab_view.gd:4)
       [3] _ready (res://scripts/grid_canvas.gd:263)
       [4] _build_ui (res://scripts/main.gd:457)
       [5] _ready (res://scripts/main.gd:306)
       [6] run (res://tests/playtest_crew_death.gd:11)
WARNING: Loaded resource as image file, this will not work on export: 'res://rooms/whole-room/life-support-candidate.png'. Instead, import the image file as an Image resource and load it normally as a resource.
   at: load (core/io/image.cpp:2756)
   GDScript backtrace (most recent call first):
       [0] _ready (res://rooms/whole-room/connected_rooms_view.gd:13)
       [1] _ready (res://rooms/underwater/batch-two/xeno_lab_view.gd:4)
       [2] _ready (res://rooms/underwater/batch-two/anomaly_lab_view.gd:5)
       [3] _ready (res://scripts/grid_canvas.gd:267)
       [4] _build_ui (res://scripts/main.gd:457)
       [5] _ready (res://scripts/main.gd:306)
       [6] run (res://tests/playtest_crew_death.gd:11)
WARNING: Loaded resource as image file, this will not work on export: 'res://rooms/whole-room/nursery-master.png'. Instead, import the image file as an Image resource and load it normally as a resource.
   at: load (core/io/image.cpp:2756)
   GDScript backtrace (most recent call first):
       [0] _ready (res://rooms/whole-room/nursery_whole_view.gd:41)
       [1] _ready (res://rooms/whole-room/connected_rooms_view.gd:16)
       [2] _ready (res://rooms/underwater/batch-two/xeno_lab_view.gd:4)
       [3] _ready (res://rooms/underwater/batch-two/anomaly_lab_view.gd:5)
       [4] _ready (res://scripts/grid_canvas.gd:267)
       [5] _build_ui (res://scripts/main.gd:457)
       [6] _ready (res://scripts/main.gd:306)
       [7] run (res://tests/playtest_crew_death.gd:11)
WARNING: Loaded resource as image file, this will not work on export: 'res://rooms/whole-room/life-support-candidate.png'. Instead, import the image file as an Image resource and load it normally as a resource.
   at: load (core/io/image.cpp:2756)
   GDScript backtrace (most recent call first):
       [0] _ready (res://rooms/whole-room/connected_rooms_view.gd:13)
       [1] _ready (res://rooms/underwater/batch-two/biodome_view.gd:5)
       [2] _ready (res://rooms/underwater/batch-two/bio_lab_view.gd:4)
       [3] _ready (res://scripts/grid_canvas.gd:271)
       [4] _build_ui (res://scripts/main.gd:457)
       [5] _ready (res://scripts/main.gd:306)
       [6] run (res://tests/playtest_crew_death.gd:11)
WARNING: Loaded resource as image file, this will not work on export: 'res://rooms/whole-room/nursery-master.png'. Instead, import the image file as an Image resource and load it normally as a resource.
   at: load (core/io/image.cpp:2756)
   GDScript backtrace (most recent call first):
       [0] _ready (res://rooms/whole-room/nursery_whole_view.gd:41)
       [1] _ready (res://rooms/whole-room/connected_rooms_view.gd:16)
       [2] _ready (res://rooms/underwater/batch-two/biodome_view.gd:5)
       [3] _ready (res://rooms/underwater/batch-two/bio_lab_view.gd:4)
       [4] _ready (res://scripts/grid_canvas.gd:271)
       [5] _build_ui (res://scripts/main.gd:457)
       [6] _ready (res://scripts/main.gd:306)
       [7] run (res://tests/playtest_crew_death.gd:11)
WARNING: Loaded resource as image file, this will not work on export: 'res://rooms/whole-room/life-support-candidate.png'. Instead, import the image file as an Image resource and load it normally as a resource.
   at: load (core/io/image.cpp:2756)
   GDScript backtrace (most recent call first):
       [0] _ready (res://rooms/whole-room/connected_rooms_view.gd:13)
       [1] _ready (res://rooms/underwater/batch-two/data_archive_view.gd:4)
       [2] _ready (res://rooms/underwater/batch-two/holographic_core_view.gd:5)
       [3] _ready (res://scripts/grid_canvas.gd:275)
       [4] _build_ui (res://scripts/main.gd:457)
       [5] _ready (res://scripts/main.gd:306)
       [6] run (res://tests/playtest_crew_death.gd:11)
WARNING: Loaded resource as image file, this will not work on export: 'res://rooms/whole-room/nursery-master.png'. Instead, import the image file as an Image resource and load it normally as a resource.
   at: load (core/io/image.cpp:2756)
   GDScript backtrace (most recent call first):
       [0] _ready (res://rooms/whole-room/nursery_whole_view.gd:41)
       [1] _ready (res://rooms/whole-room/connected_rooms_view.gd:16)
       [2] _ready (res://rooms/underwater/batch-two/data_archive_view.gd:4)
       [3] _ready (res://rooms/underwater/batch-two/holographic_core_view.gd:5)
       [4] _ready (res://scripts/grid_canvas.gd:275)
       [5] _build_ui (res://scripts/main.gd:457)
       [6] _ready (res://scripts/main.gd:306)
       [7] run (res://tests/playtest_crew_death.gd:11)
WARNING: Loaded resource as image file, this will not work on export: 'res://rooms/whole-room/life-support-candidate.png'. Instead, import the image file as an Image resource and load it normally as a resource.
   at: load (core/io/image.cpp:2756)
   GDScript backtrace (most recent call first):
       [0] _ready (res://rooms/whole-room/connected_rooms_view.gd:13)
       [1] _ready (res://rooms/underwater/batch-two/cryo_chamber_view.gd:6)
       [2] _ready (res://rooms/underwater/batch-two/med_center_view.gd:4)
       [3] _ready (res://scripts/grid_canvas.gd:279)
       [4] _build_ui (res://scripts/main.gd:457)
       [5] _ready (res://scripts/main.gd:306)
       [6] run (res://tests/playtest_crew_death.gd:11)
WARNING: Loaded resource as image file, this will not work on export: 'res://rooms/whole-room/nursery-master.png'. Instead, import the image file as an Image resource and load it normally as a resource.
   at: load (core/io/image.cpp:2756)
   GDScript backtrace (most recent call first):
       [0] _ready (res://rooms/whole-room/nursery_whole_view.gd:41)
       [1] _ready (res://rooms/whole-room/connected_rooms_view.gd:16)
       [2] _ready (res://rooms/underwater/batch-two/cryo_chamber_view.gd:6)
       [3] _ready (res://rooms/underwater/batch-two/med_center_view.gd:4)
       [4] _ready (res://scripts/grid_canvas.gd:279)
       [5] _build_ui (res://scripts/main.gd:457)
       [6] _ready (res://scripts/main.gd:306)
       [7] run (res://tests/playtest_crew_death.gd:11)
WARNING: Loaded resource as image file, this will not work on export: 'res://rooms/whole-room/life-support-candidate.png'. Instead, import the image file as an Image resource and load it normally as a resource.
   at: load (core/io/image.cpp:2756)
   GDScript backtrace (most recent call first):
       [0] _ready (res://rooms/whole-room/connected_rooms_view.gd:13)
       [1] _ready (res://rooms/underwater/batch-two/cryo_chamber_view.gd:6)
       [2] _ready (res://rooms/underwater/batch-two/med_center_view.gd:4)
       [3] _ready (res://rooms/underwater/batch-two/med_office_view.gd:5)
       [4] _ready (res://scripts/grid_canvas.gd:283)
       [5] _build_ui (res://scripts/main.gd:457)
       [6] _ready (res://scripts/main.gd:306)
       [7] run (res://tests/playtest_crew_death.gd:11)
WARNING: Loaded resource as image file, this will not work on export: 'res://rooms/whole-room/nursery-master.png'. Instead, import the image file as an Image resource and load it normally as a resource.
   at: load (core/io/image.cpp:2756)
   GDScript backtrace (most recent call first):
       [0] _ready (res://rooms/whole-room/nursery_whole_view.gd:41)
       [1] _ready (res://rooms/whole-room/connected_rooms_view.gd:16)
       [2] _ready (res://rooms/underwater/batch-two/cryo_chamber_view.gd:6)
       [3] _ready (res://rooms/underwater/batch-two/med_center_view.gd:4)
       [4] _ready (res://rooms/underwater/batch-two/med_office_view.gd:5)
       [5] _ready (res://scripts/grid_canvas.gd:283)
       [6] _build_ui (res://scripts/main.gd:457)
       [7] _ready (res://scripts/main.gd:306)
       [8] run (res://tests/playtest_crew_death.gd:11)
WARNING: Loaded resource as image file, this will not work on export: 'res://rooms/whole-room/life-support-candidate.png'. Instead, import the image file as an Image resource and load it normally as a resource.
   at: load (core/io/image.cpp:2756)
   GDScript backtrace (most recent call first):
       [0] _ready (res://rooms/whole-room/connected_rooms_view.gd:13)
       [1] _ready (res://rooms/underwater/tidal-condenser/tidal_condenser_view.gd:4)
       [2] _ready (res://scripts/grid_canvas.gd:287)
       [3] _build_ui (res://scripts/main.gd:457)
       [4] _ready (res://scripts/main.gd:306)
       [5] run (res://tests/playtest_crew_death.gd:11)
WARNING: Loaded resource as image file, this will not work on export: 'res://rooms/whole-room/nursery-master.png'. Instead, import the image file as an Image resource and load it normally as a resource.
   at: load (core/io/image.cpp:2756)
   GDScript backtrace (most recent call first):
       [0] _ready (res://rooms/whole-room/nursery_whole_view.gd:41)
       [1] _ready (res://rooms/whole-room/connected_rooms_view.gd:16)
       [2] _ready (res://rooms/underwater/tidal-condenser/tidal_condenser_view.gd:4)
       [3] _ready (res://scripts/grid_canvas.gd:287)
       [4] _build_ui (res://scripts/main.gd:457)
       [5] _ready (res://scripts/main.gd:306)
       [6] run (res://tests/playtest_crew_death.gd:11)
WARNING: Loaded resource as image file, this will not work on export: 'res://rooms/whole-room/life-support-candidate.png'. Instead, import the image file as an Image resource and load it normally as a resource.
   at: load (core/io/image.cpp:2756)
   GDScript backtrace (most recent call first):
       [0] _ready (res://rooms/whole-room/connected_rooms_view.gd:13)
       [1] _ready (res://rooms/underwater/gravity-loom/gravity_loom_view.gd:4)
       [2] _ready (res://scripts/grid_canvas.gd:291)
       [3] _build_ui (res://scripts/main.gd:457)
       [4] _ready (res://scripts/main.gd:306)
       [5] run (res://tests/playtest_crew_death.gd:11)
WARNING: Loaded resource as image file, this will not work on export: 'res://rooms/whole-room/nursery-master.png'. Instead, import the image file as an Image resource and load it normally as a resource.
   at: load (core/io/image.cpp:2756)
   GDScript backtrace (most recent call first):
       [0] _ready (res://rooms/whole-room/nursery_whole_view.gd:41)
       [1] _ready (res://rooms/whole-room/connected_rooms_view.gd:16)
       [2] _ready (res://rooms/underwater/gravity-loom/gravity_loom_view.gd:4)
       [3] _ready (res://scripts/grid_canvas.gd:291)
       [4] _build_ui (res://scripts/main.gd:457)
       [5] _ready (res://scripts/main.gd:306)
       [6] run (res://tests/playtest_crew_death.gd:11)
WARNING: Loaded resource as image file, this will not work on export: 'res://rooms/whole-room/life-support-candidate.png'. Instead, import the image file as an Image resource and load it normally as a resource.
   at: load (core/io/image.cpp:2756)
   GDScript backtrace (most recent call first):
       [0] _ready (res://rooms/whole-room/connected_rooms_view.gd:13)
       [1] _ready (res://rooms/underwater/brine-core/brine_core_view.gd:6)
       [2] _ready (res://scripts/grid_canvas.gd:295)
       [3] _build_ui (res://scripts/main.gd:457)
       [4] _ready (res://scripts/main.gd:306)
       [5] run (res://tests/playtest_crew_death.gd:11)
WARNING: Loaded resource as image file, this will not work on export: 'res://rooms/whole-room/nursery-master.png'. Instead, import the image file as an Image resource and load it normally as a resource.
   at: load (core/io/image.cpp:2756)
   GDScript backtrace (most recent call first):
       [0] _ready (res://rooms/whole-room/nursery_whole_view.gd:41)
       [1] _ready (res://rooms/whole-room/connected_rooms_view.gd:16)
       [2] _ready (res://rooms/underwater/brine-core/brine_core_view.gd:6)
       [3] _ready (res://scripts/grid_canvas.gd:295)
       [4] _build_ui (res://scripts/main.gd:457)
       [5] _ready (res://scripts/main.gd:306)
       [6] run (res://tests/playtest_crew_death.gd:11)
WARNING: Loaded resource as image file, this will not work on export: 'res://rooms/whole-room/life-support-candidate.png'. Instead, import the image file as an Image resource and load it normally as a resource.
   at: load (core/io/image.cpp:2756)
   GDScript backtrace (most recent call first):
       [0] _ready (res://rooms/whole-room/connected_rooms_view.gd:13)
       [1] _ready (res://rooms/underwater/hull-integrity/shield_generator_view.gd:4)
       [2] _ready (res://scripts/grid_canvas.gd:299)
       [3] _build_ui (res://scripts/main.gd:457)
       [4] _ready (res://scripts/main.gd:306)
       [5] run (res://tests/playtest_crew_death.gd:11)
WARNING: Loaded resource as image file, this will not work on export: 'res://rooms/whole-room/nursery-master.png'. Instead, import the image file as an Image resource and load it normally as a resource.
   at: load (core/io/image.cpp:2756)
   GDScript backtrace (most recent call first):
       [0] _ready (res://rooms/whole-room/nursery_whole_view.gd:41)
       [1] _ready (res://rooms/whole-room/connected_rooms_view.gd:16)
       [2] _ready (res://rooms/underwater/hull-integrity/shield_generator_view.gd:4)
       [3] _ready (res://scripts/grid_canvas.gd:299)
       [4] _build_ui (res://scripts/main.gd:457)
       [5] _ready (res://scripts/main.gd:306)
       [6] run (res://tests/playtest_crew_death.gd:11)
WARNING: Loaded resource as image file, this will not work on export: 'res://rooms/whole-room/life-support-candidate.png'. Instead, import the image file as an Image resource and load it normally as a resource.
   at: load (core/io/image.cpp:2756)
   GDScript backtrace (most recent call first):
       [0] _ready (res://rooms/whole-room/connected_rooms_view.gd:13)
       [1] _ready (res://rooms/underwater/acoustic-comms/radio_lab_view.gd:4)
       [2] _ready (res://scripts/grid_canvas.gd:303)
       [3] _build_ui (res://scripts/main.gd:457)
       [4] _ready (res://scripts/main.gd:306)
       [5] run (res://tests/playtest_crew_death.gd:11)
WARNING: Loaded resource as image file, this will not work on export: 'res://rooms/whole-room/nursery-master.png'. Instead, import the image file as an Image resource and load it normally as a resource.
   at: load (core/io/image.cpp:2756)
   GDScript backtrace (most recent call first):
       [0] _ready (res://rooms/whole-room/nursery_whole_view.gd:41)
       [1] _ready (res://rooms/whole-room/connected_rooms_view.gd:16)
       [2] _ready (res://rooms/underwater/acoustic-comms/radio_lab_view.gd:4)
       [3] _ready (res://scripts/grid_canvas.gd:303)
       [4] _build_ui (res://scripts/main.gd:457)
       [5] _ready (res://scripts/main.gd:306)
       [6] run (res://tests/playtest_crew_death.gd:11)
WARNING: Loaded resource as image file, this will not work on export: 'res://rooms/whole-room/life-support-candidate.png'. Instead, import the image file as an Image resource and load it normally as a resource.
   at: load (core/io/image.cpp:2756)
   GDScript backtrace (most recent call first):
       [0] _ready (res://rooms/whole-room/connected_rooms_view.gd:13)
       [1] _ready (res://rooms/underwater/thermal-control/solar_array_view.gd:4)
       [2] _ready (res://scripts/grid_canvas.gd:307)
       [3] _build_ui (res://scripts/main.gd:457)
       [4] _ready (res://scripts/main.gd:306)
       [5] run (res://tests/playtest_crew_death.gd:11)
WARNING: Loaded resource as image file, this will not work on export: 'res://rooms/whole-room/nursery-master.png'. Instead, import the image file as an Image resource and load it normally as a resource.
   at: load (core/io/image.cpp:2756)
   GDScript backtrace (most recent call first):
       [0] _ready (res://rooms/whole-room/nursery_whole_view.gd:41)
       [1] _ready (res://rooms/whole-room/connected_rooms_view.gd:16)
       [2] _ready (res://rooms/underwater/thermal-control/solar_array_view.gd:4)
       [3] _ready (res://scripts/grid_canvas.gd:307)
       [4] _build_ui (res://scripts/main.gd:457)
       [5] _ready (res://scripts/main.gd:306)
       [6] run (res://tests/playtest_crew_death.gd:11)
WARNING: Loaded resource as image file, this will not work on export: 'res://rooms/whole-room/life-support-candidate.png'. Instead, import the image file as an Image resource and load it normally as a resource.
   at: load (core/io/image.cpp:2756)
   GDScript backtrace (most recent call first):
       [0] _ready (res://rooms/whole-room/connected_rooms_view.gd:13)
       [1] _ready (res://rooms/production-ten/battery_array_view.gd:11)
       [2] _ready (res://scripts/grid_canvas.gd:311)
       [3] _build_ui (res://scripts/main.gd:457)
       [4] _ready (res://scripts/main.gd:306)
       [5] run (res://tests/playtest_crew_death.gd:11)
WARNING: Loaded resource as image file, this will not work on export: 'res://rooms/whole-room/nursery-master.png'. Instead, import the image file as an Image resource and load it normally as a resource.
   at: load (core/io/image.cpp:2756)
   GDScript backtrace (most recent call first):
       [0] _ready (res://rooms/whole-room/nursery_whole_view.gd:41)
       [1] _ready (res://rooms/whole-room/connected_rooms_view.gd:16)
       [2] _ready (res://rooms/production-ten/battery_array_view.gd:11)
       [3] _ready (res://scripts/grid_canvas.gd:311)
       [4] _build_ui (res://scripts/main.gd:457)
       [5] _ready (res://scripts/main.gd:306)
       [6] run (res://tests/playtest_crew_death.gd:11)
WARNING: Loaded resource as image file, this will not work on export: 'res://rooms/whole-room/life-support-candidate.png'. Instead, import the image file as an Image resource and load it normally as a resource.
   at: load (core/io/image.cpp:2756)
   GDScript backtrace (most recent call first):
       [0] _ready (res://rooms/whole-room/connected_rooms_view.gd:13)
       [1] _ready (res://rooms/production-ten/research_lab_view.gd:10)
       [2] _ready (res://scripts/grid_canvas.gd:315)
       [3] _build_ui (res://scripts/main.gd:457)
       [4] _ready (res://scripts/main.gd:306)
       [5] run (res://tests/playtest_crew_death.gd:11)
WARNING: Loaded resource as image file, this will not work on export: 'res://rooms/whole-room/nursery-master.png'. Instead, import the image file as an Image resource and load it normally as a resource.
   at: load (core/io/image.cpp:2756)
   GDScript backtrace (most recent call first):
       [0] _ready (res://rooms/whole-room/nursery_whole_view.gd:41)
       [1] _ready (res://rooms/whole-room/connected_rooms_view.gd:16)
       [2] _ready (res://rooms/production-ten/research_lab_view.gd:10)
       [3] _ready (res://scripts/grid_canvas.gd:315)
       [4] _build_ui (res://scripts/main.gd:457)
       [5] _ready (res://scripts/main.gd:306)
       [6] run (res://tests/playtest_crew_death.gd:11)
WARNING: Loaded resource as image file, this will not work on export: 'res://rooms/whole-room/life-support-candidate.png'. Instead, import the image file as an Image resource and load it normally as a resource.
   at: load (core/io/image.cpp:2756)
   GDScript backtrace (most recent call first):
       [0] _ready (res://rooms/whole-room/connected_rooms_view.gd:13)
       [1] _ready (res://rooms/production-ten/maintenance_bay_view.gd:9)
       [2] _ready (res://scripts/grid_canvas.gd:319)
       [3] _build_ui (res://scripts/main.gd:457)
       [4] _ready (res://scripts/main.gd:306)
       [5] run (res://tests/playtest_crew_death.gd:11)
WARNING: Loaded resource as image file, this will not work on export: 'res://rooms/whole-room/nursery-master.png'. Instead, import the image file as an Image resource and load it normally as a resource.
   at: load (core/io/image.cpp:2756)
   GDScript backtrace (most recent call first):
       [0] _ready (res://rooms/whole-room/nursery_whole_view.gd:41)
       [1] _ready (res://rooms/whole-room/connected_rooms_view.gd:16)
       [2] _ready (res://rooms/production-ten/maintenance_bay_view.gd:9)
       [3] _ready (res://scripts/grid_canvas.gd:319)
       [4] _build_ui (res://scripts/main.gd:457)
       [5] _ready (res://scripts/main.gd:306)
       [6] run (res://tests/playtest_crew_death.gd:11)
WARNING: Loaded resource as image file, this will not work on export: 'res://rooms/whole-room/life-support-candidate.png'. Instead, import the image file as an Image resource and load it normally as a resource.
   at: load (core/io/image.cpp:2756)
   GDScript backtrace (most recent call first):
       [0] _ready (res://rooms/whole-room/connected_rooms_view.gd:13)
       [1] _ready (res://rooms/production-ten/storage_bay_view.gd:6)
       [2] _ready (res://scripts/grid_canvas.gd:323)
       [3] _build_ui (res://scripts/main.gd:457)
       [4] _ready (res://scripts/main.gd:306)
       [5] run (res://tests/playtest_crew_death.gd:11)
WARNING: Loaded resource as image file, this will not work on export: 'res://rooms/whole-room/nursery-master.png'. Instead, import the image file as an Image resource and load it normally as a resource.
   at: load (core/io/image.cpp:2756)
   GDScript backtrace (most recent call first):
       [0] _ready (res://rooms/whole-room/nursery_whole_view.gd:41)
       [1] _ready (res://rooms/whole-room/connected_rooms_view.gd:16)
       [2] _ready (res://rooms/production-ten/storage_bay_view.gd:6)
       [3] _ready (res://scripts/grid_canvas.gd:323)
       [4] _build_ui (res://scripts/main.gd:457)
       [5] _ready (res://scripts/main.gd:306)
       [6] run (res://tests/playtest_crew_death.gd:11)
WARNING: Loaded resource as image file, this will not work on export: 'res://rooms/whole-room/life-support-candidate.png'. Instead, import the image file as an Image resource and load it normally as a resource.
   at: load (core/io/image.cpp:2756)
   GDScript backtrace (most recent call first):
       [0] _ready (res://rooms/whole-room/connected_rooms_view.gd:13)
       [1] _ready (res://rooms/production-ten/ore_refinery_view.gd:6)
       [2] _ready (res://scripts/grid_canvas.gd:327)
       [3] _build_ui (res://scripts/main.gd:457)
       [4] _ready (res://scripts/main.gd:306)
       [5] run (res://tests/playtest_crew_death.gd:11)
WARNING: Loaded resource as image file, this will not work on export: 'res://rooms/whole-room/nursery-master.png'. Instead, import the image file as an Image resource and load it normally as a resource.
   at: load (core/io/image.cpp:2756)
   GDScript backtrace (most recent call first):
       [0] _ready (res://rooms/whole-room/nursery_whole_view.gd:41)
       [1] _ready (res://rooms/whole-room/connected_rooms_view.gd:16)
       [2] _ready (res://rooms/production-ten/ore_refinery_view.gd:6)
       [3] _ready (res://scripts/grid_canvas.gd:327)
       [4] _build_ui (res://scripts/main.gd:457)
       [5] _ready (res://scripts/main.gd:306)
       [6] run (res://tests/playtest_crew_death.gd:11)
WARNING: Loaded resource as image file, this will not work on export: 'res://rooms/whole-room/life-support-candidate.png'. Instead, import the image file as an Image resource and load it normally as a resource.
   at: load (core/io/image.cpp:2756)
   GDScript backtrace (most recent call first):
       [0] _ready (res://rooms/whole-room/connected_rooms_view.gd:13)
       [1] _ready (res://rooms/production-ten/mining_drone_bay_view.gd:10)
       [2] _ready (res://scripts/grid_canvas.gd:331)
       [3] _build_ui (res://scripts/main.gd:457)
       [4] _ready (res://scripts/main.gd:306)
       [5] run (res://tests/playtest_crew_death.gd:11)
WARNING: Loaded resource as image file, this will not work on export: 'res://rooms/whole-room/nursery-master.png'. Instead, import the image file as an Image resource and load it normally as a resource.
   at: load (core/io/image.cpp:2756)
   GDScript backtrace (most recent call first):
       [0] _ready (res://rooms/whole-room/nursery_whole_view.gd:41)
       [1] _ready (res://rooms/whole-room/connected_rooms_view.gd:16)
       [2] _ready (res://rooms/production-ten/mining_drone_bay_view.gd:10)
       [3] _ready (res://scripts/grid_canvas.gd:331)
       [4] _build_ui (res://scripts/main.gd:457)
       [5] _ready (res://scripts/main.gd:306)
       [6] run (res://tests/playtest_crew_death.gd:11)
WARNING: Loaded resource as image file, this will not work on export: 'res://rooms/whole-room/life-support-candidate.png'. Instead, import the image file as an Image resource and load it normally as a resource.
   at: load (core/io/image.cpp:2756)
   GDScript backtrace (most recent call first):
       [0] _ready (res://rooms/whole-room/connected_rooms_view.gd:13)
       [1] _ready (res://rooms/production-ten/salvage_drone_bay_view.gd:9)
       [2] _ready (res://scripts/grid_canvas.gd:335)
       [3] _build_ui (res://scripts/main.gd:457)
       [4] _ready (res://scripts/main.gd:306)
       [5] run (res://tests/playtest_crew_death.gd:11)
WARNING: Loaded resource as image file, this will not work on export: 'res://rooms/whole-room/nursery-master.png'. Instead, import the image file as an Image resource and load it normally as a resource.
   at: load (core/io/image.cpp:2756)
   GDScript backtrace (most recent call first):
       [0] _ready (res://rooms/whole-room/nursery_whole_view.gd:41)
       [1] _ready (res://rooms/whole-room/connected_rooms_view.gd:16)
       [2] _ready (res://rooms/production-ten/salvage_drone_bay_view.gd:9)
       [3] _ready (res://scripts/grid_canvas.gd:335)
       [4] _build_ui (res://scripts/main.gd:457)
       [5] _ready (res://scripts/main.gd:306)
       [6] run (res://tests/playtest_crew_death.gd:11)
WARNING: Loaded resource as image file, this will not work on export: 'res://rooms/whole-room/life-support-candidate.png'. Instead, import the image file as an Image resource and load it normally as a resource.
   at: load (core/io/image.cpp:2756)
   GDScript backtrace (most recent call first):
       [0] _ready (res://rooms/whole-room/connected_rooms_view.gd:13)
       [1] _ready (res://rooms/production-ten/crew_lounge_view.gd:7)
       [2] _ready (res://scripts/grid_canvas.gd:339)
       [3] _build_ui (res://scripts/main.gd:457)
       [4] _ready (res://scripts/main.gd:306)
       [5] run (res://tests/playtest_crew_death.gd:11)
WARNING: Loaded resource as image file, this will not work on export: 'res://rooms/whole-room/nursery-master.png'. Instead, import the image file as an Image resource and load it normally as a resource.
   at: load (core/io/image.cpp:2756)
   GDScript backtrace (most recent call first):
       [0] _ready (res://rooms/whole-room/nursery_whole_view.gd:41)
       [1] _ready (res://rooms/whole-room/connected_rooms_view.gd:16)
       [2] _ready (res://rooms/production-ten/crew_lounge_view.gd:7)
       [3] _ready (res://scripts/grid_canvas.gd:339)
       [4] _build_ui (res://scripts/main.gd:457)
       [5] _ready (res://scripts/main.gd:306)
       [6] run (res://tests/playtest_crew_death.gd:11)
WARNING: Loaded resource as image file, this will not work on export: 'res://rooms/whole-room/life-support-candidate.png'. Instead, import the image file as an Image resource and load it normally as a resource.
   at: load (core/io/image.cpp:2756)
   GDScript backtrace (most recent call first):
       [0] _ready (res://rooms/whole-room/connected_rooms_view.gd:13)
       [1] _ready (res://rooms/production-ten/command_center_view.gd:10)
       [2] _ready (res://scripts/grid_canvas.gd:343)
       [3] _build_ui (res://scripts/main.gd:457)
       [4] _ready (res://scripts/main.gd:306)
       [5] run (res://tests/playtest_crew_death.gd:11)
WARNING: Loaded resource as image file, this will not work on export: 'res://rooms/whole-room/nursery-master.png'. Instead, import the image file as an Image resource and load it normally as a resource.
   at: load (core/io/image.cpp:2756)
   GDScript backtrace (most recent call first):
       [0] _ready (res://rooms/whole-room/nursery_whole_view.gd:41)
       [1] _ready (res://rooms/whole-room/connected_rooms_view.gd:16)
       [2] _ready (res://rooms/production-ten/command_center_view.gd:10)
       [3] _ready (res://scripts/grid_canvas.gd:343)
       [4] _build_ui (res://scripts/main.gd:457)
       [5] _ready (res://scripts/main.gd:306)
       [6] run (res://tests/playtest_crew_death.gd:11)
WARNING: Loaded resource as image file, this will not work on export: 'res://rooms/whole-room/life-support-candidate.png'. Instead, import the image file as an Image resource and load it normally as a resource.
   at: load (core/io/image.cpp:2756)
   GDScript backtrace (most recent call first):
       [0] _ready (res://rooms/whole-room/connected_rooms_view.gd:13)
       [1] _ready (res://rooms/production-ten/quarantine_cell_view.gd:11)
       [2] _ready (res://scripts/grid_canvas.gd:347)
       [3] _build_ui (res://scripts/main.gd:457)
       [4] _ready (res://scripts/main.gd:306)
       [5] run (res://tests/playtest_crew_death.gd:11)
WARNING: Loaded resource as image file, this will not work on export: 'res://rooms/whole-room/nursery-master.png'. Instead, import the image file as an Image resource and load it normally as a resource.
   at: load (core/io/image.cpp:2756)
   GDScript backtrace (most recent call first):
       [0] _ready (res://rooms/whole-room/nursery_whole_view.gd:41)
       [1] _ready (res://rooms/whole-room/connected_rooms_view.gd:16)
       [2] _ready (res://rooms/production-ten/quarantine_cell_view.gd:11)
       [3] _ready (res://scripts/grid_canvas.gd:347)
       [4] _build_ui (res://scripts/main.gd:457)
       [5] _ready (res://scripts/main.gd:306)
       [6] run (res://tests/playtest_crew_death.gd:11)
WARNING: Loaded resource as image file, this will not work on export: 'res://assets/environment/seabed-v1/silt-plain-source-v1.png'. Instead, import the image file as an Image resource and load it normally as a resource.
   at: load (core/io/image.cpp:2756)
   GDScript backtrace (most recent call first):
       [0] prepare (res://assets/environment/seabed-v1/seabed_background.gd:33)
       [1] render_into (res://assets/environment/seabed-v1/seabed_background.gd:52)
       [2] _draw_space_background (res://scripts/grid_canvas.gd:707)
       [3] _draw (res://scripts/grid_canvas.gd:645)
WARNING: Loaded resource as image file, this will not work on export: 'res://assets/environment/seabed-v1/coral-garden-source-v1.png'. Instead, import the image file as an Image resource and load it normally as a resource.
   at: load (core/io/image.cpp:2756)
   GDScript backtrace (most recent call first):
       [0] prepare (res://assets/environment/seabed-v1/seabed_background.gd:33)
       [1] render_into (res://assets/environment/seabed-v1/seabed_background.gd:52)
       [2] _draw_space_background (res://scripts/grid_canvas.gd:707)
       [3] _draw (res://scripts/grid_canvas.gd:645)
WARNING: Loaded resource as image file, this will not work on export: 'res://assets/environment/seabed-v1/tube-worms-source-v1.png'. Instead, import the image file as an Image resource and load it normally as a resource.
   at: load (core/io/image.cpp:2756)
   GDScript backtrace (most recent call first):
       [0] prepare (res://assets/environment/seabed-v1/seabed_background.gd:33)
       [1] render_into (res://assets/environment/seabed-v1/seabed_background.gd:52)
       [2] _draw_space_background (res://scripts/grid_canvas.gd:707)
       [3] _draw (res://scripts/grid_canvas.gd:645)
WARNING: Loaded resource as image file, this will not work on export: 'res://assets/environment/seabed-v1/hull-fragment-source-v1.png'. Instead, import the image file as an Image resource and load it normally as a resource.
   at: load (core/io/image.cpp:2756)
   GDScript backtrace (most recent call first):
       [0] prepare (res://assets/environment/seabed-v1/seabed_background.gd:33)
       [1] render_into (res://assets/environment/seabed-v1/seabed_background.gd:52)
       [2] _draw_space_background (res://scripts/grid_canvas.gd:707)
       [3] _draw (res://scripts/grid_canvas.gd:645)
WARNING: Loaded resource as image file, this will not work on export: 'res://assets/environment/seabed-v1/pipe-fragment-source-v1.png'. Instead, import the image file as an Image resource and load it normally as a resource.
   at: load (core/io/image.cpp:2756)
   GDScript backtrace (most recent call first):
       [0] prepare (res://assets/environment/seabed-v1/seabed_background.gd:33)
       [1] render_into (res://assets/environment/seabed-v1/seabed_background.gd:52)
       [2] _draw_space_background (res://scripts/grid_canvas.gd:707)
       [3] _draw (res://scripts/grid_canvas.gd:645)
WARNING: Loaded resource as image file, this will not work on export: 'res://assets/environment/seabed-v1/wreck-cargo-source-v1.png'. Instead, import the image file as an Image resource and load it normally as a resource.
   at: load (core/io/image.cpp:2756)
   GDScript backtrace (most recent call first):
       [0] prepare (res://assets/environment/seabed-v1/seabed_background.gd:33)
       [1] render_into (res://assets/environment/seabed-v1/seabed_background.gd:52)
       [2] _draw_space_background (res://scripts/grid_canvas.gd:707)
       [3] _draw (res://scripts/grid_canvas.gd:645)
WARNING: Loaded resource as image file, this will not work on export: 'res://assets/environment/sub-biomes-v1/sulfur-ground-v1.png'. Instead, import the image file as an Image resource and load it normally as a resource.
   at: load (core/io/image.cpp:2756)
   GDScript backtrace (most recent call first):
       [0] prepare (res://assets/environment/sub-biomes-v1/sub_biome_view.gd:98)
       [1] render_into (res://assets/environment/sub-biomes-v1/sub_biome_view.gd:112)
       [2] render_into (res://assets/environment/seabed-v1/seabed_background.gd:72)
       [3] _draw_space_background (res://scripts/grid_canvas.gd:707)
       [4] _draw (res://scripts/grid_canvas.gd:645)
WARNING: Loaded resource as image file, this will not work on export: 'res://assets/environment/sub-biomes-v1/sulfur-anhydrite-v2.png'. Instead, import the image file as an Image resource and load it normally as a resource.
   at: load (core/io/image.cpp:2756)
   GDScript backtrace (most recent call first):
       [0] prepare (res://assets/environment/sub-biomes-v1/sub_biome_view.gd:98)
       [1] render_into (res://assets/environment/sub-biomes-v1/sub_biome_view.gd:112)
       [2] render_into (res://assets/environment/seabed-v1/seabed_background.gd:72)
       [3] _draw_space_background (res://scripts/grid_canvas.gd:707)
       [4] _draw (res://scripts/grid_canvas.gd:645)
WARNING: Loaded resource as image file, this will not work on export: 'res://assets/environment/sub-biomes-v1/sulfur-bacterial-mat-v1.png'. Instead, import the image file as an Image resource and load it normally as a resource.
   at: load (core/io/image.cpp:2756)
   GDScript backtrace (most recent call first):
       [0] prepare (res://assets/environment/sub-biomes-v1/sub_biome_view.gd:98)
       [1] render_into (res://assets/environment/sub-biomes-v1/sub_biome_view.gd:112)
       [2] render_into (res://assets/environment/seabed-v1/seabed_background.gd:72)
       [3] _draw_space_background (res://scripts/grid_canvas.gd:707)
       [4] _draw (res://scripts/grid_canvas.gd:645)
WARNING: Loaded resource as image file, this will not work on export: 'res://assets/environment/sub-biomes-v1/sponge-ground-v1.png'. Instead, import the image file as an Image resource and load it normally as a resource.
   at: load (core/io/image.cpp:2756)
   GDScript backtrace (most recent call first):
       [0] prepare (res://assets/environment/sub-biomes-v1/sub_biome_view.gd:98)
       [1] render_into (res://assets/environment/sub-biomes-v1/sub_biome_view.gd:112)
       [2] render_into (res://assets/environment/seabed-v1/seabed_background.gd:72)
       [3] _draw_space_background (res://scripts/grid_canvas.gd:707)
       [4] _draw (res://scripts/grid_canvas.gd:645)
WARNING: Loaded resource as image file, this will not work on export: 'res://assets/environment/sub-biomes-v1/sponge-vase-sponges-v2.png'. Instead, import the image file as an Image resource and load it normally as a resource.
   at: load (core/io/image.cpp:2756)
   GDScript backtrace (most recent call first):
       [0] prepare (res://assets/environment/sub-biomes-v1/sub_biome_view.gd:98)
       [1] render_into (res://assets/environment/sub-biomes-v1/sub_biome_view.gd:112)
       [2] render_into (res://assets/environment/seabed-v1/seabed_background.gd:72)
       [3] _draw_space_background (res://scripts/grid_canvas.gd:707)
       [4] _draw (res://scripts/grid_canvas.gd:645)
WARNING: Loaded resource as image file, this will not work on export: 'res://assets/environment/sub-biomes-v1/sponge-sea-fans-v2.png'. Instead, import the image file as an Image resource and load it normally as a resource.
   at: load (core/io/image.cpp:2756)
   GDScript backtrace (most recent call first):
       [0] prepare (res://assets/environment/sub-biomes-v1/sub_biome_view.gd:98)
       [1] render_into (res://assets/environment/sub-biomes-v1/sub_biome_view.gd:112)
       [2] render_into (res://assets/environment/seabed-v1/seabed_background.gd:72)
       [3] _draw_space_background (res://scripts/grid_canvas.gd:707)
       [4] _draw (res://scripts/grid_canvas.gd:645)
WARNING: Loaded resource as image file, this will not work on export: 'res://assets/environment/sub-biomes-v1/brine-ground-v1.png'. Instead, import the image file as an Image resource and load it normally as a resource.
   at: load (core/io/image.cpp:2756)
   GDScript backtrace (most recent call first):
       [0] prepare (res://assets/environment/sub-biomes-v1/sub_biome_view.gd:98)
       [1] render_into (res://assets/environment/sub-biomes-v1/sub_biome_view.gd:112)
       [2] render_into (res://assets/environment/seabed-v1/seabed_background.gd:72)
       [3] _draw_space_background (res://scripts/grid_canvas.gd:707)
       [4] _draw (res://scripts/grid_canvas.gd:645)
WARNING: Loaded resource as image file, this will not work on export: 'res://assets/environment/sub-biomes-v1/brine-salt-plates-v1.png'. Instead, import the image file as an Image resource and load it normally as a resource.
   at: load (core/io/image.cpp:2756)
   GDScript backtrace (most recent call first):
       [0] prepare (res://assets/environment/sub-biomes-v1/sub_biome_view.gd:98)
       [1] render_into (res://assets/environment/sub-biomes-v1/sub_biome_view.gd:112)
       [2] render_into (res://assets/environment/seabed-v1/seabed_background.gd:72)
       [3] _draw_space_background (res://scripts/grid_canvas.gd:707)
       [4] _draw (res://scripts/grid_canvas.gd:645)
WARNING: Loaded resource as image file, this will not work on export: 'res://assets/environment/sub-biomes-v1/brine-seep-stones-v1.png'. Instead, import the image file as an Image resource and load it normally as a resource.
   at: load (core/io/image.cpp:2756)
   GDScript backtrace (most recent call first):
       [0] prepare (res://assets/environment/sub-biomes-v1/sub_biome_view.gd:98)
       [1] render_into (res://assets/environment/sub-biomes-v1/sub_biome_view.gd:112)
       [2] render_into (res://assets/environment/seabed-v1/seabed_background.gd:72)
       [3] _draw_space_background (res://scripts/grid_canvas.gd:707)
       [4] _draw (res://scripts/grid_canvas.gd:645)
WARNING: Loaded resource as image file, this will not work on export: 'res://assets/environment/sub-biomes-v1/kelp-ground-v1.png'. Instead, import the image file as an Image resource and load it normally as a resource.
   at: load (core/io/image.cpp:2756)
   GDScript backtrace (most recent call first):
       [0] prepare (res://assets/environment/sub-biomes-v1/sub_biome_view.gd:98)
       [1] render_into (res://assets/environment/sub-biomes-v1/sub_biome_view.gd:112)
       [2] render_into (res://assets/environment/seabed-v1/seabed_background.gd:72)
       [3] _draw_space_background (res://scripts/grid_canvas.gd:707)
       [4] _draw (res://scripts/grid_canvas.gd:645)
WARNING: Loaded resource as image file, this will not work on export: 'res://assets/environment/sub-biomes-v1/kelp-ribbon-kelp-v1.png'. Instead, import the image file as an Image resource and load it normally as a resource.
   at: load (core/io/image.cpp:2756)
   GDScript backtrace (most recent call first):
       [0] prepare (res://assets/environment/sub-biomes-v1/sub_biome_view.gd:98)
       [1] render_into (res://assets/environment/sub-biomes-v1/sub_biome_view.gd:112)
       [2] render_into (res://assets/environment/seabed-v1/seabed_background.gd:72)
       [3] _draw_space_background (res://scripts/grid_canvas.gd:707)
       [4] _draw (res://scripts/grid_canvas.gd:645)
WARNING: Loaded resource as image file, this will not work on export: 'res://assets/environment/sub-biomes-v1/kelp-holdfast-v1.png'. Instead, import the image file as an Image resource and load it normally as a resource.
   at: load (core/io/image.cpp:2756)
   GDScript backtrace (most recent call first):
       [0] prepare (res://assets/environment/sub-biomes-v1/sub_biome_view.gd:98)
       [1] render_into (res://assets/environment/sub-biomes-v1/sub_biome_view.gd:112)
       [2] render_into (res://assets/environment/seabed-v1/seabed_background.gd:72)
       [3] _draw_space_background (res://scripts/grid_canvas.gd:707)
       [4] _draw (res://scripts/grid_canvas.gd:645)
WARNING: Loaded resource as image file, this will not work on export: 'res://assets/environment/sub-biomes-v1/coral-ground-v1.png'. Instead, import the image file as an Image resource and load it normally as a resource.
   at: load (core/io/image.cpp:2756)
   GDScript backtrace (most recent call first):
       [0] prepare (res://assets/environment/sub-biomes-v1/sub_biome_view.gd:98)
       [1] render_into (res://assets/environment/sub-biomes-v1/sub_biome_view.gd:112)
       [2] render_into (res://assets/environment/seabed-v1/seabed_background.gd:72)
       [3] _draw_space_background (res://scripts/grid_canvas.gd:707)
       [4] _draw (res://scripts/grid_canvas.gd:645)
WARNING: Loaded resource as image file, this will not work on export: 'res://assets/environment/sub-biomes-v1/coral-lace-coral-v1.png'. Instead, import the image file as an Image resource and load it normally as a resource.
   at: load (core/io/image.cpp:2756)
   GDScript backtrace (most recent call first):
       [0] prepare (res://assets/environment/sub-biomes-v1/sub_biome_view.gd:98)
       [1] render_into (res://assets/environment/sub-biomes-v1/sub_biome_view.gd:112)
       [2] render_into (res://assets/environment/seabed-v1/seabed_background.gd:72)
       [3] _draw_space_background (res://scripts/grid_canvas.gd:707)
       [4] _draw (res://scripts/grid_canvas.gd:645)
WARNING: Loaded resource as image file, this will not work on export: 'res://assets/environment/sub-biomes-v1/coral-cup-corals-v1.png'. Instead, import the image file as an Image resource and load it normally as a resource.
   at: load (core/io/image.cpp:2756)
   GDScript backtrace (most recent call first):
       [0] prepare (res://assets/environment/sub-biomes-v1/sub_biome_view.gd:98)
       [1] render_into (res://assets/environment/sub-biomes-v1/sub_biome_view.gd:112)
       [2] render_into (res://assets/environment/seabed-v1/seabed_background.gd:72)
       [3] _draw_space_background (res://scripts/grid_canvas.gd:707)
       [4] _draw (res://scripts/grid_canvas.gd:645)
WARNING: Loaded resource as image file, this will not work on export: 'res://assets/environment/sub-biomes-v1/nodules-ground-v1.png'. Instead, import the image file as an Image resource and load it normally as a resource.
   at: load (core/io/image.cpp:2756)
   GDScript backtrace (most recent call first):
       [0] prepare (res://assets/environment/sub-biomes-v1/sub_biome_view.gd:98)
       [1] render_into (res://assets/environment/sub-biomes-v1/sub_biome_view.gd:112)
       [2] render_into (res://assets/environment/seabed-v1/seabed_background.gd:72)
       [3] _draw_space_background (res://scripts/grid_canvas.gd:707)
       [4] _draw (res://scripts/grid_canvas.gd:645)
WARNING: Loaded resource as image file, this will not work on export: 'res://assets/environment/sub-biomes-v1/nodules-nodule-cluster-v1.png'. Instead, import the image file as an Image resource and load it normally as a resource.
   at: load (core/io/image.cpp:2756)
   GDScript backtrace (most recent call first):
       [0] prepare (res://assets/environment/sub-biomes-v1/sub_biome_view.gd:98)
       [1] render_into (res://assets/environment/sub-biomes-v1/sub_biome_view.gd:112)
       [2] render_into (res://assets/environment/seabed-v1/seabed_background.gd:72)
       [3] _draw_space_background (res://scripts/grid_canvas.gd:707)
       [4] _draw (res://scripts/grid_canvas.gd:645)
WARNING: Loaded resource as image file, this will not work on export: 'res://assets/environment/sub-biomes-v1/nodules-brittle-stars-v1.png'. Instead, import the image file as an Image resource and load it normally as a resource.
   at: load (core/io/image.cpp:2756)
   GDScript backtrace (most recent call first):
       [0] prepare (res://assets/environment/sub-biomes-v1/sub_biome_view.gd:98)
       [1] render_into (res://assets/environment/sub-biomes-v1/sub_biome_view.gd:112)
       [2] render_into (res://assets/environment/seabed-v1/seabed_background.gd:72)
       [3] _draw_space_background (res://scripts/grid_canvas.gd:707)
       [4] _draw (res://scripts/grid_canvas.gd:645)
WARNING: Loaded resource as image file, this will not work on export: 'res://assets/environment/sub-biomes-v1/iron-ground-v1.png'. Instead, import the image file as an Image resource and load it normally as a resource.
   at: load (core/io/image.cpp:2756)
   GDScript backtrace (most recent call first):
       [0] prepare (res://assets/environment/sub-biomes-v1/sub_biome_view.gd:98)
       [1] render_into (res://assets/environment/sub-biomes-v1/sub_biome_view.gd:112)
       [2] render_into (res://assets/environment/seabed-v1/seabed_background.gd:72)
       [3] _draw_space_background (res://scripts/grid_canvas.gd:707)
       [4] _draw (res://scripts/grid_canvas.gd:645)
WARNING: Loaded resource as image file, this will not work on export: 'res://assets/environment/sub-biomes-v1/iron-mineral-ledges-v1.png'. Instead, import the image file as an Image resource and load it normally as a resource.
   at: load (core/io/image.cpp:2756)
   GDScript backtrace (most recent call first):
       [0] prepare (res://assets/environment/sub-biomes-v1/sub_biome_view.gd:98)
       [1] render_into (res://assets/environment/sub-biomes-v1/sub_biome_view.gd:112)
       [2] render_into (res://assets/environment/seabed-v1/seabed_background.gd:72)
       [3] _draw_space_background (res://scripts/grid_canvas.gd:707)
       [4] _draw (res://scripts/grid_canvas.gd:645)
WARNING: Loaded resource as image file, this will not work on export: 'res://assets/environment/sub-biomes-v1/iron-hydroids-v1.png'. Instead, import the image file as an Image resource and load it normally as a resource.
   at: load (core/io/image.cpp:2756)
   GDScript backtrace (most recent call first):
       [0] prepare (res://assets/environment/sub-biomes-v1/sub_biome_view.gd:98)
       [1] render_into (res://assets/environment/sub-biomes-v1/sub_biome_view.gd:112)
       [2] render_into (res://assets/environment/seabed-v1/seabed_background.gd:72)
       [3] _draw_space_background (res://scripts/grid_canvas.gd:707)
       [4] _draw (res://scripts/grid_canvas.gd:645)
WARNING: Loaded resource as image file, this will not work on export: 'res://assets/environment/shell-shoal-v1/shell-hash-ground-v2.png'. Instead, import the image file as an Image resource and load it normally as a resource.
   at: load (core/io/image.cpp:2756)
   GDScript backtrace (most recent call first):
       [0] prepare (res://assets/environment/shell-shoal-v1/shell_shoal_view.gd:27)
       [1] render_into (res://assets/environment/shell-shoal-v1/shell_shoal_view.gd:31)
       [2] render_into (res://assets/environment/seabed-v1/seabed_background.gd:73)
       [3] _draw_space_background (res://scripts/grid_canvas.gd:707)
       [4] _draw (res://scripts/grid_canvas.gd:645)
WARNING: Loaded resource as image file, this will not work on export: 'res://assets/environment/shell-shoal-v1/limestone-cobbles-v1.png'. Instead, import the image file as an Image resource and load it normally as a resource.
   at: load (core/io/image.cpp:2756)
   GDScript backtrace (most recent call first):
       [0] prepare (res://assets/environment/shell-shoal-v1/shell_shoal_view.gd:27)
       [1] render_into (res://assets/environment/shell-shoal-v1/shell_shoal_view.gd:31)
       [2] render_into (res://assets/environment/seabed-v1/seabed_background.gd:73)
       [3] _draw_space_background (res://scripts/grid_canvas.gd:707)
       [4] _draw (res://scripts/grid_canvas.gd:645)
WARNING: Loaded resource as image file, this will not work on export: 'res://assets/environment/shell-shoal-v1/shell-bed-v1.png'. Instead, import the image file as an Image resource and load it normally as a resource.
   at: load (core/io/image.cpp:2756)
   GDScript backtrace (most recent call first):
       [0] prepare (res://assets/environment/shell-shoal-v1/shell_shoal_view.gd:27)
       [1] render_into (res://assets/environment/shell-shoal-v1/shell_shoal_view.gd:31)
       [2] render_into (res://assets/environment/seabed-v1/seabed_background.gd:73)
       [3] _draw_space_background (res://scripts/grid_canvas.gd:707)
       [4] _draw (res://scripts/grid_canvas.gd:645)
WARNING: Loaded resource as image file, this will not work on export: 'res://assets/environment/volcanic-ash-v1/ash-ground-v1.png'. Instead, import the image file as an Image resource and load it normally as a resource.
   at: load (core/io/image.cpp:2756)
   GDScript backtrace (most recent call first):
       [0] prepare (res://assets/environment/volcanic-ash-v1/volcanic_ash_view.gd:24)
       [1] render_into (res://assets/environment/volcanic-ash-v1/volcanic_ash_view.gd:28)
       [2] render_into (res://assets/environment/seabed-v1/seabed_background.gd:74)
       [3] _draw_space_background (res://scripts/grid_canvas.gd:707)
       [4] _draw (res://scripts/grid_canvas.gd:645)
WARNING: Loaded resource as image file, this will not work on export: 'res://assets/environment/volcanic-ash-v1/porous-rocks-v1.png'. Instead, import the image file as an Image resource and load it normally as a resource.
   at: load (core/io/image.cpp:2756)
   GDScript backtrace (most recent call first):
       [0] prepare (res://assets/environment/volcanic-ash-v1/volcanic_ash_view.gd:24)
       [1] render_into (res://assets/environment/volcanic-ash-v1/volcanic_ash_view.gd:28)
       [2] render_into (res://assets/environment/seabed-v1/seabed_background.gd:74)
       [3] _draw_space_background (res://scripts/grid_canvas.gd:707)
       [4] _draw (res://scripts/grid_canvas.gd:645)
WARNING: Loaded resource as image file, this will not work on export: 'res://assets/environment/low-growth-v1/seagrass-rosette-v2.png'. Instead, import the image file as an Image resource and load it normally as a resource.
   at: load (core/io/image.cpp:2756)
   GDScript backtrace (most recent call first):
       [0] prepare (res://assets/environment/low-growth-v1/low_growth_view.gd:31)
       [1] render_into (res://assets/environment/low-growth-v1/low_growth_view.gd:35)
       [2] render_into (res://assets/environment/seabed-v1/seabed_background.gd:75)
       [3] _draw_space_background (res://scripts/grid_canvas.gd:707)
       [4] _draw (res://scripts/grid_canvas.gd:645)
WARNING: Loaded resource as image file, this will not work on export: 'res://assets/environment/low-growth-v1/encrusting-algae-v1.png'. Instead, import the image file as an Image resource and load it normally as a resource.
   at: load (core/io/image.cpp:2756)
   GDScript backtrace (most recent call first):
       [0] prepare (res://assets/environment/low-growth-v1/low_growth_view.gd:31)
       [1] render_into (res://assets/environment/low-growth-v1/low_growth_view.gd:35)
       [2] render_into (res://assets/environment/seabed-v1/seabed_background.gd:75)
       [3] _draw_space_background (res://scripts/grid_canvas.gd:707)
       [4] _draw (res://scripts/grid_canvas.gd:645)
WARNING: Loaded resource as image file, this will not work on export: 'res://assets/environment/low-growth-v1/mussel-bed-v1.png'. Instead, import the image file as an Image resource and load it normally as a resource.
   at: load (core/io/image.cpp:2756)
   GDScript backtrace (most recent call first):
       [0] prepare (res://assets/environment/low-growth-v1/low_growth_view.gd:31)
       [1] render_into (res://assets/environment/low-growth-v1/low_growth_view.gd:35)
       [2] render_into (res://assets/environment/seabed-v1/seabed_background.gd:75)
       [3] _draw_space_background (res://scripts/grid_canvas.gd:707)
       [4] _draw (res://scripts/grid_canvas.gd:645)
WARNING: Loaded resource as image file, this will not work on export: 'res://assets/environment/red-algae-v1/red-algae-tuft-v1.png'. Instead, import the image file as an Image resource and load it normally as a resource.
   at: load (core/io/image.cpp:2756)
   GDScript backtrace (most recent call first):
       [0] prepare (res://assets/environment/red-algae-v1/red_algae_view.gd:17)
       [1] render_into (res://assets/environment/red-algae-v1/red_algae_view.gd:20)
       [2] render_into (res://assets/environment/seabed-v1/seabed_background.gd:76)
       [3] _draw_space_background (res://scripts/grid_canvas.gd:707)
       [4] _draw (res://scripts/grid_canvas.gd:645)
WARNING: Loaded resource as image file, this will not work on export: 'res://assets/environment/service-wreckage-v1/collapsed-support-v1.png'. Instead, import the image file as an Image resource and load it normally as a resource.
   at: load (core/io/image.cpp:2756)
   GDScript backtrace (most recent call first):
       [0] prepare (res://assets/environment/service-wreckage-v1/service_wreckage_view.gd:33)
       [1] render_into (res://assets/environment/service-wreckage-v1/service_wreckage_view.gd:37)
       [2] render_into (res://assets/environment/seabed-v1/seabed_background.gd:84)
       [3] _draw_space_background (res://scripts/grid_canvas.gd:707)
       [4] _draw (res://scripts/grid_canvas.gd:645)
WARNING: Loaded resource as image file, this will not work on export: 'res://assets/environment/service-wreckage-v1/torn-cable-harness-v1.png'. Instead, import the image file as an Image resource and load it normally as a resource.
   at: load (core/io/image.cpp:2756)
   GDScript backtrace (most recent call first):
       [0] prepare (res://assets/environment/service-wreckage-v1/service_wreckage_view.gd:33)
       [1] render_into (res://assets/environment/service-wreckage-v1/service_wreckage_view.gd:37)
       [2] render_into (res://assets/environment/seabed-v1/seabed_background.gd:84)
       [3] _draw_space_background (res://scripts/grid_canvas.gd:707)
       [4] _draw (res://scripts/grid_canvas.gd:645)
WARNING: Loaded resource as image file, this will not work on export: 'res://assets/environment/service-wreckage-v1/ruptured-pressure-tank-v4.png'. Instead, import the image file as an Image resource and load it normally as a resource.
   at: load (core/io/image.cpp:2756)
   GDScript backtrace (most recent call first):
       [0] prepare (res://assets/environment/service-wreckage-v1/service_wreckage_view.gd:33)
       [1] render_into (res://assets/environment/service-wreckage-v1/service_wreckage_view.gd:37)
       [2] render_into (res://assets/environment/seabed-v1/seabed_background.gd:84)
       [3] _draw_space_background (res://scripts/grid_canvas.gd:707)
       [4] _draw (res://scripts/grid_canvas.gd:645)
WARNING: Loaded resource as image file, this will not work on export: 'res://assets/environment/service-wreckage-v1/detached-hatch-v1.png'. Instead, import the image file as an Image resource and load it normally as a resource.
   at: load (core/io/image.cpp:2756)
   GDScript backtrace (most recent call first):
       [0] prepare (res://assets/environment/service-wreckage-v1/service_wreckage_view.gd:33)
       [1] render_into (res://assets/environment/service-wreckage-v1/service_wreckage_view.gd:37)
       [2] render_into (res://assets/environment/seabed-v1/seabed_background.gd:84)
       [3] _draw_space_background (res://scripts/grid_canvas.gd:707)
       [4] _draw (res://scripts/grid_canvas.gd:645)
WARNING: Loaded resource as image file, this will not work on export: 'res://assets/environment/service-wreckage-v1/collapsed-sensor-mast-v1.png'. Instead, import the image file as an Image resource and load it normally as a resource.
   at: load (core/io/image.cpp:2756)
   GDScript backtrace (most recent call first):
       [0] prepare (res://assets/environment/service-wreckage-v1/service_wreckage_view.gd:33)
       [1] render_into (res://assets/environment/service-wreckage-v1/service_wreckage_view.gd:37)
       [2] render_into (res://assets/environment/seabed-v1/seabed_background.gd:84)
       [3] _draw_space_background (res://scripts/grid_canvas.gd:707)
       [4] _draw (res://scripts/grid_canvas.gd:645)
WARNING: Loaded resource as image file, this will not work on export: 'res://assets/environment/mooring-debris-v1/mooring-plate-chain-v1.png'. Instead, import the image file as an Image resource and load it normally as a resource.
   at: load (core/io/image.cpp:2756)
   GDScript backtrace (most recent call first):
       [0] prepare (res://assets/environment/mooring-debris-v1/mooring_debris_view.gd:12)
       [1] render_into (res://assets/environment/mooring-debris-v1/mooring_debris_view.gd:15)
       [2] render_into (res://assets/environment/seabed-v1/seabed_background.gd:85)
       [3] _draw_space_background (res://scripts/grid_canvas.gd:707)
       [4] _draw (res://scripts/grid_canvas.gd:645)
WARNING: Loaded resource as image file, this will not work on export: 'res://assets/environment/ambient-water-v1/current-ribbon-v1.png'. Instead, import the image file as an Image resource and load it normally as a resource.
   at: load (core/io/image.cpp:2756)
   GDScript backtrace (most recent call first):
       [0] prepare (res://assets/environment/ambient-water-v1/ambient_water_view.gd:23)
       [1] render_into (res://assets/environment/ambient-water-v1/ambient_water_view.gd:37)
       [2] render_into (res://assets/environment/seabed-v1/seabed_background.gd:86)
       [3] _draw_space_background (res://scripts/grid_canvas.gd:707)
       [4] _draw (res://scripts/grid_canvas.gd:645)
WARNING: Loaded resource as image file, this will not work on export: 'res://assets/environment/ambient-water-v1/silt-fan-v1.png'. Instead, import the image file as an Image resource and load it normally as a resource.
   at: load (core/io/image.cpp:2756)
   GDScript backtrace (most recent call first):
       [0] prepare (res://assets/environment/ambient-water-v1/ambient_water_view.gd:23)
       [1] render_into (res://assets/environment/ambient-water-v1/ambient_water_view.gd:37)
       [2] render_into (res://assets/environment/seabed-v1/seabed_background.gd:86)
       [3] _draw_space_background (res://scripts/grid_canvas.gd:707)
       [4] _draw (res://scripts/grid_canvas.gd:645)
WARNING: Loaded resource as image file, this will not work on export: 'res://assets/environment/ambient-water-v1/microbubble-wake-v1.png'. Instead, import the image file as an Image resource and load it normally as a resource.
   at: load (core/io/image.cpp:2756)
   GDScript backtrace (most recent call first):
       [0] prepare (res://assets/environment/ambient-water-v1/ambient_water_view.gd:23)
       [1] render_into (res://assets/environment/ambient-water-v1/ambient_water_view.gd:37)
       [2] render_into (res://assets/environment/seabed-v1/seabed_background.gd:86)
       [3] _draw_space_background (res://scripts/grid_canvas.gd:707)
       [4] _draw (res://scripts/grid_canvas.gd:645)
WARNING: Loaded resource as image file, this will not work on export: 'res://assets/environment/rock-blockers-v1/basalt-surface-v1.png'. Instead, import the image file as an Image resource and load it normally as a resource.
   at: load (core/io/image.cpp:2756)
   GDScript backtrace (most recent call first):
       [0] texture (res://assets/environment/rock-blockers-v1/rock_view.gd:11)
       [1] draw_into (res://assets/environment/rock-blockers-v1/rock_view.gd:52)
       [2] _draw (res://scripts/grid_canvas.gd:647)
WARNING: Loaded resource as image file, this will not work on export: 'res://assets/environment/wrecked-rooms-v1/engineering-wreck-v1.png'. Instead, import the image file as an Image resource and load it normally as a resource.
   at: load (core/io/image.cpp:2756)
   GDScript backtrace (most recent call first):
       [0] texture (res://assets/environment/wrecked-rooms-v1/wreck_view.gd:11)
       [1] draw_into (res://assets/environment/wrecked-rooms-v1/wreck_view.gd:29)
       [2] _draw (res://scripts/grid_canvas.gd:648)
WARNING: Loaded resource as image file, this will not work on export: 'res://assets/environment/wrecked-rooms-v1/engineering-stripped-v1.png'. Instead, import the image file as an Image resource and load it normally as a resource.
   at: load (core/io/image.cpp:2756)
   GDScript backtrace (most recent call first):
       [0] texture (res://assets/environment/wrecked-rooms-v1/wreck_view.gd:11)
       [1] draw_into (res://assets/environment/wrecked-rooms-v1/wreck_view.gd:30)
       [2] _draw (res://scripts/grid_canvas.gd:648)
WARNING: Loaded resource as image file, this will not work on export: 'res://assets/environment/wrecked-rooms-v1/medical-wreck-v1.png'. Instead, import the image file as an Image resource and load it normally as a resource.
   at: load (core/io/image.cpp:2756)
   GDScript backtrace (most recent call first):
       [0] texture (res://assets/environment/wrecked-rooms-v1/wreck_view.gd:11)
       [1] draw_into (res://assets/environment/wrecked-rooms-v1/wreck_view.gd:29)
       [2] _draw (res://scripts/grid_canvas.gd:648)
WARNING: Loaded resource as image file, this will not work on export: 'res://assets/environment/wrecked-rooms-v1/medical-stripped-v1.png'. Instead, import the image file as an Image resource and load it normally as a resource.
   at: load (core/io/image.cpp:2756)
   GDScript backtrace (most recent call first):
       [0] texture (res://assets/environment/wrecked-rooms-v1/wreck_view.gd:11)
       [1] draw_into (res://assets/environment/wrecked-rooms-v1/wreck_view.gd:30)
       [2] _draw (res://scripts/grid_canvas.gd:648)
WARNING: Loaded resource as image file, this will not work on export: 'res://assets/environment/wrecked-rooms-v1/habitation-wreck-v1.png'. Instead, import the image file as an Image resource and load it normally as a resource.
   at: load (core/io/image.cpp:2756)
   GDScript backtrace (most recent call first):
       [0] texture (res://assets/environment/wrecked-rooms-v1/wreck_view.gd:11)
       [1] draw_into (res://assets/environment/wrecked-rooms-v1/wreck_view.gd:29)
       [2] _draw (res://scripts/grid_canvas.gd:648)
WARNING: Loaded resource as image file, this will not work on export: 'res://assets/environment/wrecked-rooms-v1/habitation-stripped-v1.png'. Instead, import the image file as an Image resource and load it normally as a resource.
   at: load (core/io/image.cpp:2756)
   GDScript backtrace (most recent call first):
       [0] texture (res://assets/environment/wrecked-rooms-v1/wreck_view.gd:11)
       [1] draw_into (res://assets/environment/wrecked-rooms-v1/wreck_view.gd:30)
       [2] _draw (res://scripts/grid_canvas.gd:648)
WARNING: Loaded resource as image file, this will not work on export: 'res://assets/environment/wrecked-rooms-v1/hydroponics-wreck-v1.png'. Instead, import the image file as an Image resource and load it normally as a resource.
   at: load (core/io/image.cpp:2756)
   GDScript backtrace (most recent call first):
       [0] texture (res://assets/environment/wrecked-rooms-v1/wreck_view.gd:11)
       [1] draw_into (res://assets/environment/wrecked-rooms-v1/wreck_view.gd:29)
       [2] _draw (res://scripts/grid_canvas.gd:648)
WARNING: Loaded resource as image file, this will not work on export: 'res://assets/environment/wrecked-rooms-v1/hydroponics-stripped-v1.png'. Instead, import the image file as an Image resource and load it normally as a resource.
   at: load (core/io/image.cpp:2756)
   GDScript backtrace (most recent call first):
       [0] texture (res://assets/environment/wrecked-rooms-v1/wreck_view.gd:11)
       [1] draw_into (res://assets/environment/wrecked-rooms-v1/wreck_view.gd:30)
       [2] _draw (res://scripts/grid_canvas.gd:648)
CREW DEATH NATIVE: PASS
