Godot Engine v4.6.1.stable.official.14d19694e - https://godotengine.org

WARNING: Loaded resource as image file, this will not work on export: 'res://rooms/whole-room/nursery-master.png'. Instead, import the image file as an Image resource and load it normally as a resource.
   at: load (core/io/image.cpp:2756)
   GDScript backtrace (most recent call first):
       [0] _ready (res://rooms/whole-room/nursery_whole_view.gd:41)
       [1] _ready (res://rooms/whole-room/nursery_furnished_view.gd:8)
       [2] _ready (res://scripts/grid_canvas.gd:228)
       [3] _build_ui (res://scripts/main.gd:457)
       [4] _ready (res://scripts/main.gd:306)
       [5] run (res://tests/test_crew_death_save.gd:19)
WARNING: Loaded resource as image file, this will not work on export: 'res://rooms/whole-room/life-support-candidate.png'. Instead, import the image file as an Image resource and load it normally as a resource.
   at: load (core/io/image.cpp:2756)
   GDScript backtrace (most recent call first):
       [0] _ready (res://rooms/whole-room/connected_rooms_view.gd:13)
       [1] _ready (res://rooms/whole-room/underwater_life_support_view.gd:10)
       [2] _ready (res://scripts/grid_canvas.gd:232)
       [3] _build_ui (res://scripts/main.gd:457)
       [4] _ready (res://scripts/main.gd:306)
       [5] run (res://tests/test_crew_death_save.gd:19)
WARNING: Loaded resource as image file, this will not work on export: 'res://rooms/whole-room/nursery-master.png'. Instead, import the image file as an Image resource and load it normally as a resource.
   at: load (core/io/image.cpp:2756)
   GDScript backtrace (most recent call first):
       [0] _ready (res://rooms/whole-room/nursery_whole_view.gd:41)
       [1] _ready (res://rooms/whole-room/connected_rooms_view.gd:16)
       [2] _ready (res://rooms/whole-room/underwater_life_support_view.gd:10)
       [3] _ready (res://scripts/grid_canvas.gd:232)
       [4] _build_ui (res://scripts/main.gd:457)
       [5] _ready (res://scripts/main.gd:306)
       [6] run (res://tests/test_crew_death_save.gd:19)
WARNING: Loaded resource as image file, this will not work on export: 'res://rooms/whole-room/life-support-candidate.png'. Instead, import the image file as an Image resource and load it normally as a resource.
   at: load (core/io/image.cpp:2756)
   GDScript backtrace (most recent call first):
       [0] _ready (res://rooms/whole-room/connected_rooms_view.gd:13)
       [1] _ready (res://rooms/whole-room/hydroponics_view.gd:11)
       [2] _ready (res://scripts/grid_canvas.gd:236)
       [3] _build_ui (res://scripts/main.gd:457)
       [4] _ready (res://scripts/main.gd:306)
       [5] run (res://tests/test_crew_death_save.gd:19)
WARNING: Loaded resource as image file, this will not work on export: 'res://rooms/whole-room/nursery-master.png'. Instead, import the image file as an Image resource and load it normally as a resource.
   at: load (core/io/image.cpp:2756)
   GDScript backtrace (most recent call first):
       [0] _ready (res://rooms/whole-room/nursery_whole_view.gd:41)
       [1] _ready (res://rooms/whole-room/connected_rooms_view.gd:16)
       [2] _ready (res://rooms/whole-room/hydroponics_view.gd:11)
       [3] _ready (res://scripts/grid_canvas.gd:236)
       [4] _build_ui (res://scripts/main.gd:457)
       [5] _ready (res://scripts/main.gd:306)
       [6] run (res://tests/test_crew_death_save.gd:19)
WARNING: Loaded resource as image file, this will not work on export: 'res://rooms/whole-room/hydroponics-candidate.png'. Instead, import the image file as an Image resource and load it normally as a resource.
   at: load (core/io/image.cpp:2756)
   GDScript backtrace (most recent call first):
       [0] _ready (res://rooms/whole-room/hydroponics_view.gd:13)
       [1] _ready (res://scripts/grid_canvas.gd:236)
       [2] _build_ui (res://scripts/main.gd:457)
       [3] _ready (res://scripts/main.gd:306)
       [4] run (res://tests/test_crew_death_save.gd:19)
WARNING: Loaded resource as image file, this will not work on export: 'res://rooms/whole-room/life-support-candidate.png'. Instead, import the image file as an Image resource and load it normally as a resource.
   at: load (core/io/image.cpp:2756)
   GDScript backtrace (most recent call first):
       [0] _ready (res://rooms/whole-room/connected_rooms_view.gd:13)
       [1] _ready (res://rooms/whole-room/reactor_view.gd:10)
       [2] _ready (res://scripts/grid_canvas.gd:240)
       [3] _build_ui (res://scripts/main.gd:457)
       [4] _ready (res://scripts/main.gd:306)
       [5] run (res://tests/test_crew_death_save.gd:19)
WARNING: Loaded resource as image file, this will not work on export: 'res://rooms/whole-room/nursery-master.png'. Instead, import the image file as an Image resource and load it normally as a resource.
   at: load (core/io/image.cpp:2756)
   GDScript backtrace (most recent call first):
       [0] _ready (res://rooms/whole-room/nursery_whole_view.gd:41)
       [1] _ready (res://rooms/whole-room/connected_rooms_view.gd:16)
       [2] _ready (res://rooms/whole-room/reactor_view.gd:10)
       [3] _ready (res://scripts/grid_canvas.gd:240)
       [4] _build_ui (res://scripts/main.gd:457)
       [5] _ready (res://scripts/main.gd:306)
       [6] run (res://tests/test_crew_death_save.gd:19)
WARNING: Loaded resource as image file, this will not work on export: 'res://rooms/underwater/reactor/source-v1.png'. Instead, import the image file as an Image resource and load it normally as a resource.
   at: load (core/io/image.cpp:2756)
   GDScript backtrace (most recent call first):
       [0] _ready (res://rooms/whole-room/reactor_view.gd:12)
       [1] _ready (res://scripts/grid_canvas.gd:240)
       [2] _build_ui (res://scripts/main.gd:457)
       [3] _ready (res://scripts/main.gd:306)
       [4] run (res://tests/test_crew_death_save.gd:19)
WARNING: Loaded resource as image file, this will not work on export: 'res://rooms/whole-room/life-support-candidate.png'. Instead, import the image file as an Image resource and load it normally as a resource.
   at: load (core/io/image.cpp:2756)
   GDScript backtrace (most recent call first):
       [0] _ready (res://rooms/whole-room/connected_rooms_view.gd:13)
       [1] _ready (res://rooms/whole-room/med_bay_view.gd:7)
       [2] _ready (res://scripts/grid_canvas.gd:244)
       [3] _build_ui (res://scripts/main.gd:457)
       [4] _ready (res://scripts/main.gd:306)
       [5] run (res://tests/test_crew_death_save.gd:19)
WARNING: Loaded resource as image file, this will not work on export: 'res://rooms/whole-room/nursery-master.png'. Instead, import the image file as an Image resource and load it normally as a resource.
   at: load (core/io/image.cpp:2756)
   GDScript backtrace (most recent call first):
       [0] _ready (res://rooms/whole-room/nursery_whole_view.gd:41)
       [1] _ready (res://rooms/whole-room/connected_rooms_view.gd:16)
       [2] _ready (res://rooms/whole-room/med_bay_view.gd:7)
       [3] _ready (res://scripts/grid_canvas.gd:244)
       [4] _build_ui (res://scripts/main.gd:457)
       [5] _ready (res://scripts/main.gd:306)
       [6] run (res://tests/test_crew_death_save.gd:19)
WARNING: Loaded resource as image file, this will not work on export: 'res://rooms/whole-room/med-bay-source-v1.png'. Instead, import the image file as an Image resource and load it normally as a resource.
   at: load (core/io/image.cpp:2756)
   GDScript backtrace (most recent call first):
       [0] _ready (res://rooms/whole-room/med_bay_view.gd:9)
       [1] _ready (res://scripts/grid_canvas.gd:244)
       [2] _build_ui (res://scripts/main.gd:457)
       [3] _ready (res://scripts/main.gd:306)
       [4] run (res://tests/test_crew_death_save.gd:19)
WARNING: Loaded resource as image file, this will not work on export: 'res://rooms/whole-room/life-support-candidate.png'. Instead, import the image file as an Image resource and load it normally as a resource.
   at: load (core/io/image.cpp:2756)
   GDScript backtrace (most recent call first):
       [0] _ready (res://rooms/whole-room/connected_rooms_view.gd:13)
       [1] _ready (res://rooms/whole-room/crew_hab_view.gd:6)
       [2] _ready (res://scripts/grid_canvas.gd:248)
       [3] _build_ui (res://scripts/main.gd:457)
       [4] _ready (res://scripts/main.gd:306)
       [5] run (res://tests/test_crew_death_save.gd:19)
WARNING: Loaded resource as image file, this will not work on export: 'res://rooms/whole-room/nursery-master.png'. Instead, import the image file as an Image resource and load it normally as a resource.
   at: load (core/io/image.cpp:2756)
   GDScript backtrace (most recent call first):
       [0] _ready (res://rooms/whole-room/nursery_whole_view.gd:41)
       [1] _ready (res://rooms/whole-room/connected_rooms_view.gd:16)
       [2] _ready (res://rooms/whole-room/crew_hab_view.gd:6)
       [3] _ready (res://scripts/grid_canvas.gd:248)
       [4] _build_ui (res://scripts/main.gd:457)
       [5] _ready (res://scripts/main.gd:306)
       [6] run (res://tests/test_crew_death_save.gd:19)
WARNING: Loaded resource as image file, this will not work on export: 'res://rooms/whole-room/life-support-candidate.png'. Instead, import the image file as an Image resource and load it normally as a resource.
   at: load (core/io/image.cpp:2756)
   GDScript backtrace (most recent call first):
       [0] _ready (res://rooms/whole-room/connected_rooms_view.gd:13)
       [1] _ready (res://rooms/underwater/batch-two/cryo_chamber_view.gd:9)
       [2] _ready (res://scripts/grid_canvas.gd:252)
       [3] _build_ui (res://scripts/main.gd:457)
       [4] _ready (res://scripts/main.gd:306)
       [5] run (res://tests/test_crew_death_save.gd:19)
WARNING: Loaded resource as image file, this will not work on export: 'res://rooms/whole-room/nursery-master.png'. Instead, import the image file as an Image resource and load it normally as a resource.
   at: load (core/io/image.cpp:2756)
   GDScript backtrace (most recent call first):
       [0] _ready (res://rooms/whole-room/nursery_whole_view.gd:41)
       [1] _ready (res://rooms/whole-room/connected_rooms_view.gd:16)
       [2] _ready (res://rooms/underwater/batch-two/cryo_chamber_view.gd:9)
       [3] _ready (res://scripts/grid_canvas.gd:252)
       [4] _build_ui (res://scripts/main.gd:457)
       [5] _ready (res://scripts/main.gd:306)
       [6] run (res://tests/test_crew_death_save.gd:19)
WARNING: Loaded resource as image file, this will not work on export: 'res://rooms/whole-room/life-support-candidate.png'. Instead, import the image file as an Image resource and load it normally as a resource.
   at: load (core/io/image.cpp:2756)
   GDScript backtrace (most recent call first):
       [0] _ready (res://rooms/whole-room/connected_rooms_view.gd:13)
       [1] _ready (res://rooms/underwater/batch-two/clone_lab_view.gd:7)
       [2] _ready (res://scripts/grid_canvas.gd:256)
       [3] _build_ui (res://scripts/main.gd:457)
       [4] _ready (res://scripts/main.gd:306)
       [5] run (res://tests/test_crew_death_save.gd:19)
WARNING: Loaded resource as image file, this will not work on export: 'res://rooms/whole-room/nursery-master.png'. Instead, import the image file as an Image resource and load it normally as a resource.
   at: load (core/io/image.cpp:2756)
   GDScript backtrace (most recent call first):
       [0] _ready (res://rooms/whole-room/nursery_whole_view.gd:41)
       [1] _ready (res://rooms/whole-room/connected_rooms_view.gd:16)
       [2] _ready (res://rooms/underwater/batch-two/clone_lab_view.gd:7)
       [3] _ready (res://scripts/grid_canvas.gd:256)
       [4] _build_ui (res://scripts/main.gd:457)
       [5] _ready (res://scripts/main.gd:306)
       [6] run (res://tests/test_crew_death_save.gd:19)
WARNING: Loaded resource as image file, this will not work on export: 'res://rooms/whole-room/life-support-candidate.png'. Instead, import the image file as an Image resource and load it normally as a resource.
   at: load (core/io/image.cpp:2756)
   GDScript backtrace (most recent call first):
       [0] _ready (res://rooms/whole-room/connected_rooms_view.gd:13)
       [1] _ready (res://rooms/underwater/batch-two/data_archive_view.gd:10)
       [2] _ready (res://scripts/grid_canvas.gd:260)
       [3] _build_ui (res://scripts/main.gd:457)
       [4] _ready (res://scripts/main.gd:306)
       [5] run (res://tests/test_crew_death_save.gd:19)
WARNING: Loaded resource as image file, this will not work on export: 'res://rooms/whole-room/nursery-master.png'. Instead, import the image file as an Image resource and load it normally as a resource.
   at: load (core/io/image.cpp:2756)
   GDScript backtrace (most recent call first):
       [0] _ready (res://rooms/whole-room/nursery_whole_view.gd:41)
       [1] _ready (res://rooms/whole-room/connected_rooms_view.gd:16)
       [2] _ready (res://rooms/underwater/batch-two/data_archive_view.gd:10)
       [3] _ready (res://scripts/grid_canvas.gd:260)
       [4] _build_ui (res://scripts/main.gd:457)
       [5] _ready (res://scripts/main.gd:306)
       [6] run (res://tests/test_crew_death_save.gd:19)
WARNING: Loaded resource as image file, this will not work on export: 'res://rooms/whole-room/life-support-candidate.png'. Instead, import the image file as an Image resource and load it normally as a resource.
   at: load (core/io/image.cpp:2756)
   GDScript backtrace (most recent call first):
       [0] _ready (res://rooms/whole-room/connected_rooms_view.gd:13)
       [1] _ready (res://rooms/underwater/batch-two/biodome_view.gd:8)
       [2] _ready (res://scripts/grid_canvas.gd:264)
       [3] _build_ui (res://scripts/main.gd:457)
       [4] _ready (res://scripts/main.gd:306)
       [5] run (res://tests/test_crew_death_save.gd:19)
WARNING: Loaded resource as image file, this will not work on export: 'res://rooms/whole-room/nursery-master.png'. Instead, import the image file as an Image resource and load it normally as a resource.
   at: load (core/io/image.cpp:2756)
   GDScript backtrace (most recent call first):
       [0] _ready (res://rooms/whole-room/nursery_whole_view.gd:41)
       [1] _ready (res://rooms/whole-room/connected_rooms_view.gd:16)
       [2] _ready (res://rooms/underwater/batch-two/biodome_view.gd:8)
       [3] _ready (res://scripts/grid_canvas.gd:264)
       [4] _build_ui (res://scripts/main.gd:457)
       [5] _ready (res://scripts/main.gd:306)
       [6] run (res://tests/test_crew_death_save.gd:19)
WARNING: Loaded resource as image file, this will not work on export: 'res://rooms/whole-room/life-support-candidate.png'. Instead, import the image file as an Image resource and load it normally as a resource.
   at: load (core/io/image.cpp:2756)
   GDScript backtrace (most recent call first):
       [0] _ready (res://rooms/whole-room/connected_rooms_view.gd:13)
       [1] _ready (res://rooms/underwater/batch-two/xeno_lab_view.gd:7)
       [2] _ready (res://scripts/grid_canvas.gd:268)
       [3] _build_ui (res://scripts/main.gd:457)
       [4] _ready (res://scripts/main.gd:306)
       [5] run (res://tests/test_crew_death_save.gd:19)
WARNING: Loaded resource as image file, this will not work on export: 'res://rooms/whole-room/nursery-master.png'. Instead, import the image file as an Image resource and load it normally as a resource.
   at: load (core/io/image.cpp:2756)
   GDScript backtrace (most recent call first):
       [0] _ready (res://rooms/whole-room/nursery_whole_view.gd:41)
       [1] _ready (res://rooms/whole-room/connected_rooms_view.gd:16)
       [2] _ready (res://rooms/underwater/batch-two/xeno_lab_view.gd:7)
       [3] _ready (res://scripts/grid_canvas.gd:268)
       [4] _build_ui (res://scripts/main.gd:457)
       [5] _ready (res://scripts/main.gd:306)
       [6] run (res://tests/test_crew_death_save.gd:19)
WARNING: Loaded resource as image file, this will not work on export: 'res://rooms/whole-room/life-support-candidate.png'. Instead, import the image file as an Image resource and load it normally as a resource.
   at: load (core/io/image.cpp:2756)
   GDScript backtrace (most recent call first):
       [0] _ready (res://rooms/whole-room/connected_rooms_view.gd:13)
       [1] _ready (res://rooms/underwater/batch-two/xeno_lab_view.gd:7)
       [2] _ready (res://rooms/underwater/batch-two/anomaly_lab_view.gd:5)
       [3] _ready (res://scripts/grid_canvas.gd:272)
       [4] _build_ui (res://scripts/main.gd:457)
       [5] _ready (res://scripts/main.gd:306)
       [6] run (res://tests/test_crew_death_save.gd:19)
WARNING: Loaded resource as image file, this will not work on export: 'res://rooms/whole-room/nursery-master.png'. Instead, import the image file as an Image resource and load it normally as a resource.
   at: load (core/io/image.cpp:2756)
   GDScript backtrace (most recent call first):
       [0] _ready (res://rooms/whole-room/nursery_whole_view.gd:41)
       [1] _ready (res://rooms/whole-room/connected_rooms_view.gd:16)
       [2] _ready (res://rooms/underwater/batch-two/xeno_lab_view.gd:7)
       [3] _ready (res://rooms/underwater/batch-two/anomaly_lab_view.gd:5)
       [4] _ready (res://scripts/grid_canvas.gd:272)
       [5] _build_ui (res://scripts/main.gd:457)
       [6] _ready (res://scripts/main.gd:306)
       [7] run (res://tests/test_crew_death_save.gd:19)
WARNING: Loaded resource as image file, this will not work on export: 'res://rooms/whole-room/life-support-candidate.png'. Instead, import the image file as an Image resource and load it normally as a resource.
   at: load (core/io/image.cpp:2756)
   GDScript backtrace (most recent call first):
       [0] _ready (res://rooms/whole-room/connected_rooms_view.gd:13)
       [1] _ready (res://rooms/underwater/batch-two/biodome_view.gd:8)
       [2] _ready (res://rooms/underwater/batch-two/bio_lab_view.gd:4)
       [3] _ready (res://scripts/grid_canvas.gd:276)
       [4] _build_ui (res://scripts/main.gd:457)
       [5] _ready (res://scripts/main.gd:306)
       [6] run (res://tests/test_crew_death_save.gd:19)
WARNING: Loaded resource as image file, this will not work on export: 'res://rooms/whole-room/nursery-master.png'. Instead, import the image file as an Image resource and load it normally as a resource.
   at: load (core/io/image.cpp:2756)
   GDScript backtrace (most recent call first):
       [0] _ready (res://rooms/whole-room/nursery_whole_view.gd:41)
       [1] _ready (res://rooms/whole-room/connected_rooms_view.gd:16)
       [2] _ready (res://rooms/underwater/batch-two/biodome_view.gd:8)
       [3] _ready (res://rooms/underwater/batch-two/bio_lab_view.gd:4)
       [4] _ready (res://scripts/grid_canvas.gd:276)
       [5] _build_ui (res://scripts/main.gd:457)
       [6] _ready (res://scripts/main.gd:306)
       [7] run (res://tests/test_crew_death_save.gd:19)
WARNING: Loaded resource as image file, this will not work on export: 'res://rooms/whole-room/life-support-candidate.png'. Instead, import the image file as an Image resource and load it normally as a resource.
   at: load (core/io/image.cpp:2756)
   GDScript backtrace (most recent call first):
       [0] _ready (res://rooms/whole-room/connected_rooms_view.gd:13)
       [1] _ready (res://rooms/underwater/batch-two/data_archive_view.gd:10)
       [2] _ready (res://rooms/underwater/batch-two/holographic_core_view.gd:5)
       [3] _ready (res://scripts/grid_canvas.gd:280)
       [4] _build_ui (res://scripts/main.gd:457)
       [5] _ready (res://scripts/main.gd:306)
       [6] run (res://tests/test_crew_death_save.gd:19)
WARNING: Loaded resource as image file, this will not work on export: 'res://rooms/whole-room/nursery-master.png'. Instead, import the image file as an Image resource and load it normally as a resource.
   at: load (core/io/image.cpp:2756)
   GDScript backtrace (most recent call first):
       [0] _ready (res://rooms/whole-room/nursery_whole_view.gd:41)
       [1] _ready (res://rooms/whole-room/connected_rooms_view.gd:16)
       [2] _ready (res://rooms/underwater/batch-two/data_archive_view.gd:10)
       [3] _ready (res://rooms/underwater/batch-two/holographic_core_view.gd:5)
       [4] _ready (res://scripts/grid_canvas.gd:280)
       [5] _build_ui (res://scripts/main.gd:457)
       [6] _ready (res://scripts/main.gd:306)
       [7] run (res://tests/test_crew_death_save.gd:19)
WARNING: Loaded resource as image file, this will not work on export: 'res://rooms/whole-room/life-support-candidate.png'. Instead, import the image file as an Image resource and load it normally as a resource.
   at: load (core/io/image.cpp:2756)
   GDScript backtrace (most recent call first):
       [0] _ready (res://rooms/whole-room/connected_rooms_view.gd:13)
       [1] _ready (res://rooms/underwater/batch-two/cryo_chamber_view.gd:9)
       [2] _ready (res://rooms/underwater/batch-two/med_center_view.gd:11)
       [3] _ready (res://scripts/grid_canvas.gd:284)
       [4] _build_ui (res://scripts/main.gd:457)
       [5] _ready (res://scripts/main.gd:306)
       [6] run (res://tests/test_crew_death_save.gd:19)
WARNING: Loaded resource as image file, this will not work on export: 'res://rooms/whole-room/nursery-master.png'. Instead, import the image file as an Image resource and load it normally as a resource.
   at: load (core/io/image.cpp:2756)
   GDScript backtrace (most recent call first):
       [0] _ready (res://rooms/whole-room/nursery_whole_view.gd:41)
       [1] _ready (res://rooms/whole-room/connected_rooms_view.gd:16)
       [2] _ready (res://rooms/underwater/batch-two/cryo_chamber_view.gd:9)
       [3] _ready (res://rooms/underwater/batch-two/med_center_view.gd:11)
       [4] _ready (res://scripts/grid_canvas.gd:284)
       [5] _build_ui (res://scripts/main.gd:457)
       [6] _ready (res://scripts/main.gd:306)
       [7] run (res://tests/test_crew_death_save.gd:19)
WARNING: Loaded resource as image file, this will not work on export: 'res://rooms/whole-room/life-support-candidate.png'. Instead, import the image file as an Image resource and load it normally as a resource.
   at: load (core/io/image.cpp:2756)
   GDScript backtrace (most recent call first):
       [0] _ready (res://rooms/whole-room/connected_rooms_view.gd:13)
       [1] _ready (res://rooms/underwater/batch-two/cryo_chamber_view.gd:9)
       [2] _ready (res://rooms/underwater/batch-two/med_center_view.gd:11)
       [3] _ready (res://rooms/underwater/batch-two/med_office_view.gd:16)
       [4] _ready (res://scripts/grid_canvas.gd:288)
       [5] _build_ui (res://scripts/main.gd:457)
       [6] _ready (res://scripts/main.gd:306)
       [7] run (res://tests/test_crew_death_save.gd:19)
WARNING: Loaded resource as image file, this will not work on export: 'res://rooms/whole-room/nursery-master.png'. Instead, import the image file as an Image resource and load it normally as a resource.
   at: load (core/io/image.cpp:2756)
   GDScript backtrace (most recent call first):
       [0] _ready (res://rooms/whole-room/nursery_whole_view.gd:41)
       [1] _ready (res://rooms/whole-room/connected_rooms_view.gd:16)
       [2] _ready (res://rooms/underwater/batch-two/cryo_chamber_view.gd:9)
       [3] _ready (res://rooms/underwater/batch-two/med_center_view.gd:11)
       [4] _ready (res://rooms/underwater/batch-two/med_office_view.gd:16)
       [5] _ready (res://scripts/grid_canvas.gd:288)
       [6] _build_ui (res://scripts/main.gd:457)
       [7] _ready (res://scripts/main.gd:306)
       [8] run (res://tests/test_crew_death_save.gd:19)
WARNING: Loaded resource as image file, this will not work on export: 'res://rooms/whole-room/life-support-candidate.png'. Instead, import the image file as an Image resource and load it normally as a resource.
   at: load (core/io/image.cpp:2756)
   GDScript backtrace (most recent call first):
       [0] _ready (res://rooms/whole-room/connected_rooms_view.gd:13)
       [1] _ready (res://rooms/underwater/tidal-condenser/tidal_condenser_view.gd:6)
       [2] _ready (res://scripts/grid_canvas.gd:292)
       [3] _build_ui (res://scripts/main.gd:457)
       [4] _ready (res://scripts/main.gd:306)
       [5] run (res://tests/test_crew_death_save.gd:19)
WARNING: Loaded resource as image file, this will not work on export: 'res://rooms/whole-room/nursery-master.png'. Instead, import the image file as an Image resource and load it normally as a resource.
   at: load (core/io/image.cpp:2756)
   GDScript backtrace (most recent call first):
       [0] _ready (res://rooms/whole-room/nursery_whole_view.gd:41)
       [1] _ready (res://rooms/whole-room/connected_rooms_view.gd:16)
       [2] _ready (res://rooms/underwater/tidal-condenser/tidal_condenser_view.gd:6)
       [3] _ready (res://scripts/grid_canvas.gd:292)
       [4] _build_ui (res://scripts/main.gd:457)
       [5] _ready (res://scripts/main.gd:306)
       [6] run (res://tests/test_crew_death_save.gd:19)
WARNING: Loaded resource as image file, this will not work on export: 'res://rooms/whole-room/life-support-candidate.png'. Instead, import the image file as an Image resource and load it normally as a resource.
   at: load (core/io/image.cpp:2756)
   GDScript backtrace (most recent call first):
       [0] _ready (res://rooms/whole-room/connected_rooms_view.gd:13)
       [1] _ready (res://rooms/underwater/gravity-loom/gravity_loom_view.gd:10)
       [2] _ready (res://scripts/grid_canvas.gd:296)
       [3] _build_ui (res://scripts/main.gd:457)
       [4] _ready (res://scripts/main.gd:306)
       [5] run (res://tests/test_crew_death_save.gd:19)
WARNING: Loaded resource as image file, this will not work on export: 'res://rooms/whole-room/nursery-master.png'. Instead, import the image file as an Image resource and load it normally as a resource.
   at: load (core/io/image.cpp:2756)
   GDScript backtrace (most recent call first):
       [0] _ready (res://rooms/whole-room/nursery_whole_view.gd:41)
       [1] _ready (res://rooms/whole-room/connected_rooms_view.gd:16)
       [2] _ready (res://rooms/underwater/gravity-loom/gravity_loom_view.gd:10)
       [3] _ready (res://scripts/grid_canvas.gd:296)
       [4] _build_ui (res://scripts/main.gd:457)
       [5] _ready (res://scripts/main.gd:306)
       [6] run (res://tests/test_crew_death_save.gd:19)
WARNING: Loaded resource as image file, this will not work on export: 'res://rooms/whole-room/life-support-candidate.png'. Instead, import the image file as an Image resource and load it normally as a resource.
   at: load (core/io/image.cpp:2756)
   GDScript backtrace (most recent call first):
       [0] _ready (res://rooms/whole-room/connected_rooms_view.gd:13)
       [1] _ready (res://rooms/underwater/brine-core/brine_core_view.gd:12)
       [2] _ready (res://scripts/grid_canvas.gd:300)
       [3] _build_ui (res://scripts/main.gd:457)
       [4] _ready (res://scripts/main.gd:306)
       [5] run (res://tests/test_crew_death_save.gd:19)
WARNING: Loaded resource as image file, this will not work on export: 'res://rooms/whole-room/nursery-master.png'. Instead, import the image file as an Image resource and load it normally as a resource.
   at: load (core/io/image.cpp:2756)
   GDScript backtrace (most recent call first):
       [0] _ready (res://rooms/whole-room/nursery_whole_view.gd:41)
       [1] _ready (res://rooms/whole-room/connected_rooms_view.gd:16)
       [2] _ready (res://rooms/underwater/brine-core/brine_core_view.gd:12)
       [3] _ready (res://scripts/grid_canvas.gd:300)
       [4] _build_ui (res://scripts/main.gd:457)
       [5] _ready (res://scripts/main.gd:306)
       [6] run (res://tests/test_crew_death_save.gd:19)
WARNING: Loaded resource as image file, this will not work on export: 'res://rooms/whole-room/life-support-candidate.png'. Instead, import the image file as an Image resource and load it normally as a resource.
   at: load (core/io/image.cpp:2756)
   GDScript backtrace (most recent call first):
       [0] _ready (res://rooms/whole-room/connected_rooms_view.gd:13)
       [1] _ready (res://rooms/underwater/hull-integrity/shield_generator_view.gd:6)
       [2] _ready (res://scripts/grid_canvas.gd:304)
       [3] _build_ui (res://scripts/main.gd:457)
       [4] _ready (res://scripts/main.gd:306)
       [5] run (res://tests/test_crew_death_save.gd:19)
WARNING: Loaded resource as image file, this will not work on export: 'res://rooms/whole-room/nursery-master.png'. Instead, import the image file as an Image resource and load it normally as a resource.
   at: load (core/io/image.cpp:2756)
   GDScript backtrace (most recent call first):
       [0] _ready (res://rooms/whole-room/nursery_whole_view.gd:41)
       [1] _ready (res://rooms/whole-room/connected_rooms_view.gd:16)
       [2] _ready (res://rooms/underwater/hull-integrity/shield_generator_view.gd:6)
       [3] _ready (res://scripts/grid_canvas.gd:304)
       [4] _build_ui (res://scripts/main.gd:457)
       [5] _ready (res://scripts/main.gd:306)
       [6] run (res://tests/test_crew_death_save.gd:19)
WARNING: Loaded resource as image file, this will not work on export: 'res://rooms/whole-room/life-support-candidate.png'. Instead, import the image file as an Image resource and load it normally as a resource.
   at: load (core/io/image.cpp:2756)
   GDScript backtrace (most recent call first):
       [0] _ready (res://rooms/whole-room/connected_rooms_view.gd:13)
       [1] _ready (res://rooms/underwater/acoustic-comms/radio_lab_view.gd:6)
       [2] _ready (res://scripts/grid_canvas.gd:308)
       [3] _build_ui (res://scripts/main.gd:457)
       [4] _ready (res://scripts/main.gd:306)
       [5] run (res://tests/test_crew_death_save.gd:19)
WARNING: Loaded resource as image file, this will not work on export: 'res://rooms/whole-room/nursery-master.png'. Instead, import the image file as an Image resource and load it normally as a resource.
   at: load (core/io/image.cpp:2756)
   GDScript backtrace (most recent call first):
       [0] _ready (res://rooms/whole-room/nursery_whole_view.gd:41)
       [1] _ready (res://rooms/whole-room/connected_rooms_view.gd:16)
       [2] _ready (res://rooms/underwater/acoustic-comms/radio_lab_view.gd:6)
       [3] _ready (res://scripts/grid_canvas.gd:308)
       [4] _build_ui (res://scripts/main.gd:457)
       [5] _ready (res://scripts/main.gd:306)
       [6] run (res://tests/test_crew_death_save.gd:19)
WARNING: Loaded resource as image file, this will not work on export: 'res://rooms/whole-room/life-support-candidate.png'. Instead, import the image file as an Image resource and load it normally as a resource.
   at: load (core/io/image.cpp:2756)
   GDScript backtrace (most recent call first):
       [0] _ready (res://rooms/whole-room/connected_rooms_view.gd:13)
       [1] _ready (res://rooms/underwater/thermal-control/solar_array_view.gd:6)
       [2] _ready (res://scripts/grid_canvas.gd:312)
       [3] _build_ui (res://scripts/main.gd:457)
       [4] _ready (res://scripts/main.gd:306)
       [5] run (res://tests/test_crew_death_save.gd:19)
WARNING: Loaded resource as image file, this will not work on export: 'res://rooms/whole-room/nursery-master.png'. Instead, import the image file as an Image resource and load it normally as a resource.
   at: load (core/io/image.cpp:2756)
   GDScript backtrace (most recent call first):
       [0] _ready (res://rooms/whole-room/nursery_whole_view.gd:41)
       [1] _ready (res://rooms/whole-room/connected_rooms_view.gd:16)
       [2] _ready (res://rooms/underwater/thermal-control/solar_array_view.gd:6)
       [3] _ready (res://scripts/grid_canvas.gd:312)
       [4] _build_ui (res://scripts/main.gd:457)
       [5] _ready (res://scripts/main.gd:306)
       [6] run (res://tests/test_crew_death_save.gd:19)
WARNING: Loaded resource as image file, this will not work on export: 'res://rooms/whole-room/life-support-candidate.png'. Instead, import the image file as an Image resource and load it normally as a resource.
   at: load (core/io/image.cpp:2756)
   GDScript backtrace (most recent call first):
       [0] _ready (res://rooms/whole-room/connected_rooms_view.gd:13)
       [1] _ready (res://rooms/production-ten/battery_array_view.gd:11)
       [2] _ready (res://scripts/grid_canvas.gd:316)
       [3] _build_ui (res://scripts/main.gd:457)
       [4] _ready (res://scripts/main.gd:306)
       [5] run (res://tests/test_crew_death_save.gd:19)
WARNING: Loaded resource as image file, this will not work on export: 'res://rooms/whole-room/nursery-master.png'. Instead, import the image file as an Image resource and load it normally as a resource.
   at: load (core/io/image.cpp:2756)
   GDScript backtrace (most recent call first):
       [0] _ready (res://rooms/whole-room/nursery_whole_view.gd:41)
       [1] _ready (res://rooms/whole-room/connected_rooms_view.gd:16)
       [2] _ready (res://rooms/production-ten/battery_array_view.gd:11)
       [3] _ready (res://scripts/grid_canvas.gd:316)
       [4] _build_ui (res://scripts/main.gd:457)
       [5] _ready (res://scripts/main.gd:306)
       [6] run (res://tests/test_crew_death_save.gd:19)
WARNING: Loaded resource as image file, this will not work on export: 'res://rooms/whole-room/life-support-candidate.png'. Instead, import the image file as an Image resource and load it normally as a resource.
   at: load (core/io/image.cpp:2756)
   GDScript backtrace (most recent call first):
       [0] _ready (res://rooms/whole-room/connected_rooms_view.gd:13)
       [1] _ready (res://rooms/production-ten/research_lab_view.gd:10)
       [2] _ready (res://scripts/grid_canvas.gd:320)
       [3] _build_ui (res://scripts/main.gd:457)
       [4] _ready (res://scripts/main.gd:306)
       [5] run (res://tests/test_crew_death_save.gd:19)
WARNING: Loaded resource as image file, this will not work on export: 'res://rooms/whole-room/nursery-master.png'. Instead, import the image file as an Image resource and load it normally as a resource.
   at: load (core/io/image.cpp:2756)
   GDScript backtrace (most recent call first):
       [0] _ready (res://rooms/whole-room/nursery_whole_view.gd:41)
       [1] _ready (res://rooms/whole-room/connected_rooms_view.gd:16)
       [2] _ready (res://rooms/production-ten/research_lab_view.gd:10)
       [3] _ready (res://scripts/grid_canvas.gd:320)
       [4] _build_ui (res://scripts/main.gd:457)
       [5] _ready (res://scripts/main.gd:306)
       [6] run (res://tests/test_crew_death_save.gd:19)
WARNING: Loaded resource as image file, this will not work on export: 'res://rooms/whole-room/life-support-candidate.png'. Instead, import the image file as an Image resource and load it normally as a resource.
   at: load (core/io/image.cpp:2756)
   GDScript backtrace (most recent call first):
       [0] _ready (res://rooms/whole-room/connected_rooms_view.gd:13)
       [1] _ready (res://rooms/production-ten/maintenance_bay_view.gd:9)
       [2] _ready (res://scripts/grid_canvas.gd:324)
       [3] _build_ui (res://scripts/main.gd:457)
       [4] _ready (res://scripts/main.gd:306)
       [5] run (res://tests/test_crew_death_save.gd:19)
WARNING: Loaded resource as image file, this will not work on export: 'res://rooms/whole-room/nursery-master.png'. Instead, import the image file as an Image resource and load it normally as a resource.
   at: load (core/io/image.cpp:2756)
   GDScript backtrace (most recent call first):
       [0] _ready (res://rooms/whole-room/nursery_whole_view.gd:41)
       [1] _ready (res://rooms/whole-room/connected_rooms_view.gd:16)
       [2] _ready (res://rooms/production-ten/maintenance_bay_view.gd:9)
       [3] _ready (res://scripts/grid_canvas.gd:324)
       [4] _build_ui (res://scripts/main.gd:457)
       [5] _ready (res://scripts/main.gd:306)
       [6] run (res://tests/test_crew_death_save.gd:19)
WARNING: Loaded resource as image file, this will not work on export: 'res://rooms/whole-room/life-support-candidate.png'. Instead, import the image file as an Image resource and load it normally as a resource.
   at: load (core/io/image.cpp:2756)
   GDScript backtrace (most recent call first):
       [0] _ready (res://rooms/whole-room/connected_rooms_view.gd:13)
       [1] _ready (res://rooms/production-ten/storage_bay_view.gd:6)
       [2] _ready (res://scripts/grid_canvas.gd:328)
       [3] _build_ui (res://scripts/main.gd:457)
       [4] _ready (res://scripts/main.gd:306)
       [5] run (res://tests/test_crew_death_save.gd:19)
WARNING: Loaded resource as image file, this will not work on export: 'res://rooms/whole-room/nursery-master.png'. Instead, import the image file as an Image resource and load it normally as a resource.
   at: load (core/io/image.cpp:2756)
   GDScript backtrace (most recent call first):
       [0] _ready (res://rooms/whole-room/nursery_whole_view.gd:41)
       [1] _ready (res://rooms/whole-room/connected_rooms_view.gd:16)
       [2] _ready (res://rooms/production-ten/storage_bay_view.gd:6)
       [3] _ready (res://scripts/grid_canvas.gd:328)
       [4] _build_ui (res://scripts/main.gd:457)
       [5] _ready (res://scripts/main.gd:306)
       [6] run (res://tests/test_crew_death_save.gd:19)
WARNING: Loaded resource as image file, this will not work on export: 'res://rooms/whole-room/life-support-candidate.png'. Instead, import the image file as an Image resource and load it normally as a resource.
   at: load (core/io/image.cpp:2756)
   GDScript backtrace (most recent call first):
       [0] _ready (res://rooms/whole-room/connected_rooms_view.gd:13)
       [1] _ready (res://rooms/production-ten/ore_refinery_view.gd:6)
       [2] _ready (res://scripts/grid_canvas.gd:332)
       [3] _build_ui (res://scripts/main.gd:457)
       [4] _ready (res://scripts/main.gd:306)
       [5] run (res://tests/test_crew_death_save.gd:19)
WARNING: Loaded resource as image file, this will not work on export: 'res://rooms/whole-room/nursery-master.png'. Instead, import the image file as an Image resource and load it normally as a resource.
   at: load (core/io/image.cpp:2756)
   GDScript backtrace (most recent call first):
       [0] _ready (res://rooms/whole-room/nursery_whole_view.gd:41)
       [1] _ready (res://rooms/whole-room/connected_rooms_view.gd:16)
       [2] _ready (res://rooms/production-ten/ore_refinery_view.gd:6)
       [3] _ready (res://scripts/grid_canvas.gd:332)
       [4] _build_ui (res://scripts/main.gd:457)
       [5] _ready (res://scripts/main.gd:306)
       [6] run (res://tests/test_crew_death_save.gd:19)
WARNING: Loaded resource as image file, this will not work on export: 'res://rooms/whole-room/life-support-candidate.png'. Instead, import the image file as an Image resource and load it normally as a resource.
   at: load (core/io/image.cpp:2756)
   GDScript backtrace (most recent call first):
       [0] _ready (res://rooms/whole-room/connected_rooms_view.gd:13)
       [1] _ready (res://rooms/production-ten/mining_drone_bay_view.gd:13)
       [2] _ready (res://scripts/grid_canvas.gd:336)
       [3] _build_ui (res://scripts/main.gd:457)
       [4] _ready (res://scripts/main.gd:306)
       [5] run (res://tests/test_crew_death_save.gd:19)
WARNING: Loaded resource as image file, this will not work on export: 'res://rooms/whole-room/nursery-master.png'. Instead, import the image file as an Image resource and load it normally as a resource.
   at: load (core/io/image.cpp:2756)
   GDScript backtrace (most recent call first):
       [0] _ready (res://rooms/whole-room/nursery_whole_view.gd:41)
       [1] _ready (res://rooms/whole-room/connected_rooms_view.gd:16)
       [2] _ready (res://rooms/production-ten/mining_drone_bay_view.gd:13)
       [3] _ready (res://scripts/grid_canvas.gd:336)
       [4] _build_ui (res://scripts/main.gd:457)
       [5] _ready (res://scripts/main.gd:306)
       [6] run (res://tests/test_crew_death_save.gd:19)
WARNING: Loaded resource as image file, this will not work on export: 'res://rooms/whole-room/life-support-candidate.png'. Instead, import the image file as an Image resource and load it normally as a resource.
   at: load (core/io/image.cpp:2756)
   GDScript backtrace (most recent call first):
       [0] _ready (res://rooms/whole-room/connected_rooms_view.gd:13)
       [1] _ready (res://rooms/production-ten/mining_drone_bay_view.gd:13)
       [2] _ready (res://rooms/production-ten/construction_drone_bay_view.gd:4)
       [3] _ready (res://scripts/grid_canvas.gd:340)
       [4] _build_ui (res://scripts/main.gd:457)
       [5] _ready (res://scripts/main.gd:306)
       [6] run (res://tests/test_crew_death_save.gd:19)
WARNING: Loaded resource as image file, this will not work on export: 'res://rooms/whole-room/nursery-master.png'. Instead, import the image file as an Image resource and load it normally as a resource.
   at: load (core/io/image.cpp:2756)
   GDScript backtrace (most recent call first):
       [0] _ready (res://rooms/whole-room/nursery_whole_view.gd:41)
       [1] _ready (res://rooms/whole-room/connected_rooms_view.gd:16)
       [2] _ready (res://rooms/production-ten/mining_drone_bay_view.gd:13)
       [3] _ready (res://rooms/production-ten/construction_drone_bay_view.gd:4)
       [4] _ready (res://scripts/grid_canvas.gd:340)
       [5] _build_ui (res://scripts/main.gd:457)
       [6] _ready (res://scripts/main.gd:306)
       [7] run (res://tests/test_crew_death_save.gd:19)
WARNING: Loaded resource as image file, this will not work on export: 'res://rooms/whole-room/life-support-candidate.png'. Instead, import the image file as an Image resource and load it normally as a resource.
   at: load (core/io/image.cpp:2756)
   GDScript backtrace (most recent call first):
       [0] _ready (res://rooms/whole-room/connected_rooms_view.gd:13)
       [1] _ready (res://rooms/production-ten/salvage_drone_bay_view.gd:11)
       [2] _ready (res://scripts/grid_canvas.gd:344)
       [3] _build_ui (res://scripts/main.gd:457)
       [4] _ready (res://scripts/main.gd:306)
       [5] run (res://tests/test_crew_death_save.gd:19)
WARNING: Loaded resource as image file, this will not work on export: 'res://rooms/whole-room/nursery-master.png'. Instead, import the image file as an Image resource and load it normally as a resource.
   at: load (core/io/image.cpp:2756)
   GDScript backtrace (most recent call first):
       [0] _ready (res://rooms/whole-room/nursery_whole_view.gd:41)
       [1] _ready (res://rooms/whole-room/connected_rooms_view.gd:16)
       [2] _ready (res://rooms/production-ten/salvage_drone_bay_view.gd:11)
       [3] _ready (res://scripts/grid_canvas.gd:344)
       [4] _build_ui (res://scripts/main.gd:457)
       [5] _ready (res://scripts/main.gd:306)
       [6] run (res://tests/test_crew_death_save.gd:19)
WARNING: Loaded resource as image file, this will not work on export: 'res://rooms/whole-room/life-support-candidate.png'. Instead, import the image file as an Image resource and load it normally as a resource.
   at: load (core/io/image.cpp:2756)
   GDScript backtrace (most recent call first):
       [0] _ready (res://rooms/whole-room/connected_rooms_view.gd:13)
       [1] _ready (res://rooms/production-ten/crew_lounge_view.gd:7)
       [2] _ready (res://scripts/grid_canvas.gd:348)
       [3] _build_ui (res://scripts/main.gd:457)
       [4] _ready (res://scripts/main.gd:306)
       [5] run (res://tests/test_crew_death_save.gd:19)
WARNING: Loaded resource as image file, this will not work on export: 'res://rooms/whole-room/nursery-master.png'. Instead, import the image file as an Image resource and load it normally as a resource.
   at: load (core/io/image.cpp:2756)
   GDScript backtrace (most recent call first):
       [0] _ready (res://rooms/whole-room/nursery_whole_view.gd:41)
       [1] _ready (res://rooms/whole-room/connected_rooms_view.gd:16)
       [2] _ready (res://rooms/production-ten/crew_lounge_view.gd:7)
       [3] _ready (res://scripts/grid_canvas.gd:348)
       [4] _build_ui (res://scripts/main.gd:457)
       [5] _ready (res://scripts/main.gd:306)
       [6] run (res://tests/test_crew_death_save.gd:19)
WARNING: Loaded resource as image file, this will not work on export: 'res://rooms/whole-room/life-support-candidate.png'. Instead, import the image file as an Image resource and load it normally as a resource.
   at: load (core/io/image.cpp:2756)
   GDScript backtrace (most recent call first):
       [0] _ready (res://rooms/whole-room/connected_rooms_view.gd:13)
       [1] _ready (res://rooms/production-ten/command_center_view.gd:10)
       [2] _ready (res://scripts/grid_canvas.gd:352)
       [3] _build_ui (res://scripts/main.gd:457)
       [4] _ready (res://scripts/main.gd:306)
       [5] run (res://tests/test_crew_death_save.gd:19)
WARNING: Loaded resource as image file, this will not work on export: 'res://rooms/whole-room/nursery-master.png'. Instead, import the image file as an Image resource and load it normally as a resource.
   at: load (core/io/image.cpp:2756)
   GDScript backtrace (most recent call first):
       [0] _ready (res://rooms/whole-room/nursery_whole_view.gd:41)
       [1] _ready (res://rooms/whole-room/connected_rooms_view.gd:16)
       [2] _ready (res://rooms/production-ten/command_center_view.gd:10)
       [3] _ready (res://scripts/grid_canvas.gd:352)
       [4] _build_ui (res://scripts/main.gd:457)
       [5] _ready (res://scripts/main.gd:306)
       [6] run (res://tests/test_crew_death_save.gd:19)
WARNING: Loaded resource as image file, this will not work on export: 'res://rooms/whole-room/life-support-candidate.png'. Instead, import the image file as an Image resource and load it normally as a resource.
   at: load (core/io/image.cpp:2756)
   GDScript backtrace (most recent call first):
       [0] _ready (res://rooms/whole-room/connected_rooms_view.gd:13)
       [1] _ready (res://rooms/production-ten/quarantine_cell_view.gd:11)
       [2] _ready (res://scripts/grid_canvas.gd:356)
       [3] _build_ui (res://scripts/main.gd:457)
       [4] _ready (res://scripts/main.gd:306)
       [5] run (res://tests/test_crew_death_save.gd:19)
WARNING: Loaded resource as image file, this will not work on export: 'res://rooms/whole-room/nursery-master.png'. Instead, import the image file as an Image resource and load it normally as a resource.
   at: load (core/io/image.cpp:2756)
   GDScript backtrace (most recent call first):
       [0] _ready (res://rooms/whole-room/nursery_whole_view.gd:41)
       [1] _ready (res://rooms/whole-room/connected_rooms_view.gd:16)
       [2] _ready (res://rooms/production-ten/quarantine_cell_view.gd:11)
       [3] _ready (res://scripts/grid_canvas.gd:356)
       [4] _build_ui (res://scripts/main.gd:457)
       [5] _ready (res://scripts/main.gd:306)
       [6] run (res://tests/test_crew_death_save.gd:19)
CREW DEATH SAVE: PASS; minimum separation 20.61
