Godot Engine v4.6.1.stable.official.14d19694e - https://godotengine.org

WARNING: Loaded resource as image file, this will not work on export: 'res://rooms/whole-room/nursery-master.png'. Instead, import the image file as an Image resource and load it normally as a resource.
   at: load (core/io/image.cpp:2756)
   GDScript backtrace (most recent call first):
       [0] _ready (res://rooms/whole-room/nursery_whole_view.gd:42)
       [1] _ready (res://rooms/whole-room/nursery_furnished_view.gd:8)
       [2] _ready (res://scripts/grid_canvas.gd:249)
       [3] _build_ui (res://scripts/main.gd:480)
       [4] _ready (res://scripts/main.gd:317)
       [5] run (res://tests/test_airlock.gd:135)
WARNING: Loaded resource as image file, this will not work on export: 'res://rooms/whole-room/life-support-candidate.png'. Instead, import the image file as an Image resource and load it normally as a resource.
   at: load (core/io/image.cpp:2756)
   GDScript backtrace (most recent call first):
       [0] _ready (res://rooms/whole-room/connected_rooms_view.gd:13)
       [1] _ready (res://rooms/whole-room/underwater_life_support_view.gd:10)
       [2] _ready (res://scripts/grid_canvas.gd:253)
       [3] _build_ui (res://scripts/main.gd:480)
       [4] _ready (res://scripts/main.gd:317)
       [5] run (res://tests/test_airlock.gd:135)
WARNING: Loaded resource as image file, this will not work on export: 'res://rooms/whole-room/nursery-master.png'. Instead, import the image file as an Image resource and load it normally as a resource.
   at: load (core/io/image.cpp:2756)
   GDScript backtrace (most recent call first):
       [0] _ready (res://rooms/whole-room/nursery_whole_view.gd:42)
       [1] _ready (res://rooms/whole-room/connected_rooms_view.gd:16)
       [2] _ready (res://rooms/whole-room/underwater_life_support_view.gd:10)
       [3] _ready (res://scripts/grid_canvas.gd:253)
       [4] _build_ui (res://scripts/main.gd:480)
       [5] _ready (res://scripts/main.gd:317)
       [6] run (res://tests/test_airlock.gd:135)
WARNING: Loaded resource as image file, this will not work on export: 'res://rooms/whole-room/life-support-candidate.png'. Instead, import the image file as an Image resource and load it normally as a resource.
   at: load (core/io/image.cpp:2756)
   GDScript backtrace (most recent call first):
       [0] _ready (res://rooms/whole-room/connected_rooms_view.gd:13)
       [1] _ready (res://rooms/whole-room/hydroponics_view.gd:11)
       [2] _ready (res://scripts/grid_canvas.gd:257)
       [3] _build_ui (res://scripts/main.gd:480)
       [4] _ready (res://scripts/main.gd:317)
       [5] run (res://tests/test_airlock.gd:135)
WARNING: Loaded resource as image file, this will not work on export: 'res://rooms/whole-room/nursery-master.png'. Instead, import the image file as an Image resource and load it normally as a resource.
   at: load (core/io/image.cpp:2756)
   GDScript backtrace (most recent call first):
       [0] _ready (res://rooms/whole-room/nursery_whole_view.gd:42)
       [1] _ready (res://rooms/whole-room/connected_rooms_view.gd:16)
       [2] _ready (res://rooms/whole-room/hydroponics_view.gd:11)
       [3] _ready (res://scripts/grid_canvas.gd:257)
       [4] _build_ui (res://scripts/main.gd:480)
       [5] _ready (res://scripts/main.gd:317)
       [6] run (res://tests/test_airlock.gd:135)
WARNING: Loaded resource as image file, this will not work on export: 'res://rooms/whole-room/hydroponics-candidate.png'. Instead, import the image file as an Image resource and load it normally as a resource.
   at: load (core/io/image.cpp:2756)
   GDScript backtrace (most recent call first):
       [0] _ready (res://rooms/whole-room/hydroponics_view.gd:13)
       [1] _ready (res://scripts/grid_canvas.gd:257)
       [2] _build_ui (res://scripts/main.gd:480)
       [3] _ready (res://scripts/main.gd:317)
       [4] run (res://tests/test_airlock.gd:135)
WARNING: Loaded resource as image file, this will not work on export: 'res://rooms/whole-room/life-support-candidate.png'. Instead, import the image file as an Image resource and load it normally as a resource.
   at: load (core/io/image.cpp:2756)
   GDScript backtrace (most recent call first):
       [0] _ready (res://rooms/whole-room/connected_rooms_view.gd:13)
       [1] _ready (res://rooms/whole-room/reactor_view.gd:10)
       [2] _ready (res://scripts/grid_canvas.gd:261)
       [3] _build_ui (res://scripts/main.gd:480)
       [4] _ready (res://scripts/main.gd:317)
       [5] run (res://tests/test_airlock.gd:135)
WARNING: Loaded resource as image file, this will not work on export: 'res://rooms/whole-room/nursery-master.png'. Instead, import the image file as an Image resource and load it normally as a resource.
   at: load (core/io/image.cpp:2756)
   GDScript backtrace (most recent call first):
       [0] _ready (res://rooms/whole-room/nursery_whole_view.gd:42)
       [1] _ready (res://rooms/whole-room/connected_rooms_view.gd:16)
       [2] _ready (res://rooms/whole-room/reactor_view.gd:10)
       [3] _ready (res://scripts/grid_canvas.gd:261)
       [4] _build_ui (res://scripts/main.gd:480)
       [5] _ready (res://scripts/main.gd:317)
       [6] run (res://tests/test_airlock.gd:135)
WARNING: Loaded resource as image file, this will not work on export: 'res://rooms/underwater/reactor/source-v1.png'. Instead, import the image file as an Image resource and load it normally as a resource.
   at: load (core/io/image.cpp:2756)
   GDScript backtrace (most recent call first):
       [0] _ready (res://rooms/whole-room/reactor_view.gd:12)
       [1] _ready (res://scripts/grid_canvas.gd:261)
       [2] _build_ui (res://scripts/main.gd:480)
       [3] _ready (res://scripts/main.gd:317)
       [4] run (res://tests/test_airlock.gd:135)
WARNING: Loaded resource as image file, this will not work on export: 'res://rooms/whole-room/life-support-candidate.png'. Instead, import the image file as an Image resource and load it normally as a resource.
   at: load (core/io/image.cpp:2756)
   GDScript backtrace (most recent call first):
       [0] _ready (res://rooms/whole-room/connected_rooms_view.gd:13)
       [1] _ready (res://rooms/whole-room/med_bay_view.gd:7)
       [2] _ready (res://scripts/grid_canvas.gd:265)
       [3] _build_ui (res://scripts/main.gd:480)
       [4] _ready (res://scripts/main.gd:317)
       [5] run (res://tests/test_airlock.gd:135)
WARNING: Loaded resource as image file, this will not work on export: 'res://rooms/whole-room/nursery-master.png'. Instead, import the image file as an Image resource and load it normally as a resource.
   at: load (core/io/image.cpp:2756)
   GDScript backtrace (most recent call first):
       [0] _ready (res://rooms/whole-room/nursery_whole_view.gd:42)
       [1] _ready (res://rooms/whole-room/connected_rooms_view.gd:16)
       [2] _ready (res://rooms/whole-room/med_bay_view.gd:7)
       [3] _ready (res://scripts/grid_canvas.gd:265)
       [4] _build_ui (res://scripts/main.gd:480)
       [5] _ready (res://scripts/main.gd:317)
       [6] run (res://tests/test_airlock.gd:135)
WARNING: Loaded resource as image file, this will not work on export: 'res://rooms/whole-room/med-bay-source-v1.png'. Instead, import the image file as an Image resource and load it normally as a resource.
   at: load (core/io/image.cpp:2756)
   GDScript backtrace (most recent call first):
       [0] _ready (res://rooms/whole-room/med_bay_view.gd:9)
       [1] _ready (res://scripts/grid_canvas.gd:265)
       [2] _build_ui (res://scripts/main.gd:480)
       [3] _ready (res://scripts/main.gd:317)
       [4] run (res://tests/test_airlock.gd:135)
WARNING: Loaded resource as image file, this will not work on export: 'res://rooms/whole-room/life-support-candidate.png'. Instead, import the image file as an Image resource and load it normally as a resource.
   at: load (core/io/image.cpp:2756)
   GDScript backtrace (most recent call first):
       [0] _ready (res://rooms/whole-room/connected_rooms_view.gd:13)
       [1] _ready (res://rooms/whole-room/crew_hab_view.gd:6)
       [2] _ready (res://scripts/grid_canvas.gd:269)
       [3] _build_ui (res://scripts/main.gd:480)
       [4] _ready (res://scripts/main.gd:317)
       [5] run (res://tests/test_airlock.gd:135)
WARNING: Loaded resource as image file, this will not work on export: 'res://rooms/whole-room/nursery-master.png'. Instead, import the image file as an Image resource and load it normally as a resource.
   at: load (core/io/image.cpp:2756)
   GDScript backtrace (most recent call first):
       [0] _ready (res://rooms/whole-room/nursery_whole_view.gd:42)
       [1] _ready (res://rooms/whole-room/connected_rooms_view.gd:16)
       [2] _ready (res://rooms/whole-room/crew_hab_view.gd:6)
       [3] _ready (res://scripts/grid_canvas.gd:269)
       [4] _build_ui (res://scripts/main.gd:480)
       [5] _ready (res://scripts/main.gd:317)
       [6] run (res://tests/test_airlock.gd:135)
WARNING: Loaded resource as image file, this will not work on export: 'res://rooms/whole-room/life-support-candidate.png'. Instead, import the image file as an Image resource and load it normally as a resource.
   at: load (core/io/image.cpp:2756)
   GDScript backtrace (most recent call first):
       [0] _ready (res://rooms/whole-room/connected_rooms_view.gd:13)
       [1] _ready (res://rooms/underwater/batch-two/cryo_chamber_view.gd:13)
       [2] _ready (res://scripts/grid_canvas.gd:273)
       [3] _build_ui (res://scripts/main.gd:480)
       [4] _ready (res://scripts/main.gd:317)
       [5] run (res://tests/test_airlock.gd:135)
WARNING: Loaded resource as image file, this will not work on export: 'res://rooms/whole-room/nursery-master.png'. Instead, import the image file as an Image resource and load it normally as a resource.
   at: load (core/io/image.cpp:2756)
   GDScript backtrace (most recent call first):
       [0] _ready (res://rooms/whole-room/nursery_whole_view.gd:42)
       [1] _ready (res://rooms/whole-room/connected_rooms_view.gd:16)
       [2] _ready (res://rooms/underwater/batch-two/cryo_chamber_view.gd:13)
       [3] _ready (res://scripts/grid_canvas.gd:273)
       [4] _build_ui (res://scripts/main.gd:480)
       [5] _ready (res://scripts/main.gd:317)
       [6] run (res://tests/test_airlock.gd:135)
WARNING: Loaded resource as image file, this will not work on export: 'res://rooms/whole-room/life-support-candidate.png'. Instead, import the image file as an Image resource and load it normally as a resource.
   at: load (core/io/image.cpp:2756)
   GDScript backtrace (most recent call first):
       [0] _ready (res://rooms/whole-room/connected_rooms_view.gd:13)
       [1] _ready (res://rooms/underwater/batch-two/clone_lab_view.gd:7)
       [2] _ready (res://scripts/grid_canvas.gd:277)
       [3] _build_ui (res://scripts/main.gd:480)
       [4] _ready (res://scripts/main.gd:317)
       [5] run (res://tests/test_airlock.gd:135)
WARNING: Loaded resource as image file, this will not work on export: 'res://rooms/whole-room/nursery-master.png'. Instead, import the image file as an Image resource and load it normally as a resource.
   at: load (core/io/image.cpp:2756)
   GDScript backtrace (most recent call first):
       [0] _ready (res://rooms/whole-room/nursery_whole_view.gd:42)
       [1] _ready (res://rooms/whole-room/connected_rooms_view.gd:16)
       [2] _ready (res://rooms/underwater/batch-two/clone_lab_view.gd:7)
       [3] _ready (res://scripts/grid_canvas.gd:277)
       [4] _build_ui (res://scripts/main.gd:480)
       [5] _ready (res://scripts/main.gd:317)
       [6] run (res://tests/test_airlock.gd:135)
WARNING: Loaded resource as image file, this will not work on export: 'res://rooms/whole-room/life-support-candidate.png'. Instead, import the image file as an Image resource and load it normally as a resource.
   at: load (core/io/image.cpp:2756)
   GDScript backtrace (most recent call first):
       [0] _ready (res://rooms/whole-room/connected_rooms_view.gd:13)
       [1] _ready (res://rooms/underwater/batch-two/data_archive_view.gd:18)
       [2] _ready (res://scripts/grid_canvas.gd:281)
       [3] _build_ui (res://scripts/main.gd:480)
       [4] _ready (res://scripts/main.gd:317)
       [5] run (res://tests/test_airlock.gd:135)
WARNING: Loaded resource as image file, this will not work on export: 'res://rooms/whole-room/nursery-master.png'. Instead, import the image file as an Image resource and load it normally as a resource.
   at: load (core/io/image.cpp:2756)
   GDScript backtrace (most recent call first):
       [0] _ready (res://rooms/whole-room/nursery_whole_view.gd:42)
       [1] _ready (res://rooms/whole-room/connected_rooms_view.gd:16)
       [2] _ready (res://rooms/underwater/batch-two/data_archive_view.gd:18)
       [3] _ready (res://scripts/grid_canvas.gd:281)
       [4] _build_ui (res://scripts/main.gd:480)
       [5] _ready (res://scripts/main.gd:317)
       [6] run (res://tests/test_airlock.gd:135)
WARNING: Loaded resource as image file, this will not work on export: 'res://rooms/whole-room/life-support-candidate.png'. Instead, import the image file as an Image resource and load it normally as a resource.
   at: load (core/io/image.cpp:2756)
   GDScript backtrace (most recent call first):
       [0] _ready (res://rooms/whole-room/connected_rooms_view.gd:13)
       [1] _ready (res://rooms/underwater/batch-two/biodome_view.gd:9)
       [2] _ready (res://scripts/grid_canvas.gd:285)
       [3] _build_ui (res://scripts/main.gd:480)
       [4] _ready (res://scripts/main.gd:317)
       [5] run (res://tests/test_airlock.gd:135)
WARNING: Loaded resource as image file, this will not work on export: 'res://rooms/whole-room/nursery-master.png'. Instead, import the image file as an Image resource and load it normally as a resource.
   at: load (core/io/image.cpp:2756)
   GDScript backtrace (most recent call first):
       [0] _ready (res://rooms/whole-room/nursery_whole_view.gd:42)
       [1] _ready (res://rooms/whole-room/connected_rooms_view.gd:16)
       [2] _ready (res://rooms/underwater/batch-two/biodome_view.gd:9)
       [3] _ready (res://scripts/grid_canvas.gd:285)
       [4] _build_ui (res://scripts/main.gd:480)
       [5] _ready (res://scripts/main.gd:317)
       [6] run (res://tests/test_airlock.gd:135)
WARNING: Loaded resource as image file, this will not work on export: 'res://rooms/whole-room/life-support-candidate.png'. Instead, import the image file as an Image resource and load it normally as a resource.
   at: load (core/io/image.cpp:2756)
   GDScript backtrace (most recent call first):
       [0] _ready (res://rooms/whole-room/connected_rooms_view.gd:13)
       [1] _ready (res://rooms/underwater/batch-two/xeno_lab_view.gd:7)
       [2] _ready (res://scripts/grid_canvas.gd:289)
       [3] _build_ui (res://scripts/main.gd:480)
       [4] _ready (res://scripts/main.gd:317)
       [5] run (res://tests/test_airlock.gd:135)
WARNING: Loaded resource as image file, this will not work on export: 'res://rooms/whole-room/nursery-master.png'. Instead, import the image file as an Image resource and load it normally as a resource.
   at: load (core/io/image.cpp:2756)
   GDScript backtrace (most recent call first):
       [0] _ready (res://rooms/whole-room/nursery_whole_view.gd:42)
       [1] _ready (res://rooms/whole-room/connected_rooms_view.gd:16)
       [2] _ready (res://rooms/underwater/batch-two/xeno_lab_view.gd:7)
       [3] _ready (res://scripts/grid_canvas.gd:289)
       [4] _build_ui (res://scripts/main.gd:480)
       [5] _ready (res://scripts/main.gd:317)
       [6] run (res://tests/test_airlock.gd:135)
WARNING: Loaded resource as image file, this will not work on export: 'res://rooms/whole-room/life-support-candidate.png'. Instead, import the image file as an Image resource and load it normally as a resource.
   at: load (core/io/image.cpp:2756)
   GDScript backtrace (most recent call first):
       [0] _ready (res://rooms/whole-room/connected_rooms_view.gd:13)
       [1] _ready (res://rooms/underwater/batch-two/xeno_lab_view.gd:7)
       [2] _ready (res://rooms/underwater/batch-two/anomaly_lab_view.gd:5)
       [3] _ready (res://scripts/grid_canvas.gd:293)
       [4] _build_ui (res://scripts/main.gd:480)
       [5] _ready (res://scripts/main.gd:317)
       [6] run (res://tests/test_airlock.gd:135)
WARNING: Loaded resource as image file, this will not work on export: 'res://rooms/whole-room/nursery-master.png'. Instead, import the image file as an Image resource and load it normally as a resource.
   at: load (core/io/image.cpp:2756)
   GDScript backtrace (most recent call first):
       [0] _ready (res://rooms/whole-room/nursery_whole_view.gd:42)
       [1] _ready (res://rooms/whole-room/connected_rooms_view.gd:16)
       [2] _ready (res://rooms/underwater/batch-two/xeno_lab_view.gd:7)
       [3] _ready (res://rooms/underwater/batch-two/anomaly_lab_view.gd:5)
       [4] _ready (res://scripts/grid_canvas.gd:293)
       [5] _build_ui (res://scripts/main.gd:480)
       [6] _ready (res://scripts/main.gd:317)
       [7] run (res://tests/test_airlock.gd:135)
WARNING: Loaded resource as image file, this will not work on export: 'res://rooms/whole-room/life-support-candidate.png'. Instead, import the image file as an Image resource and load it normally as a resource.
   at: load (core/io/image.cpp:2756)
   GDScript backtrace (most recent call first):
       [0] _ready (res://rooms/whole-room/connected_rooms_view.gd:13)
       [1] _ready (res://rooms/underwater/batch-two/biodome_view.gd:9)
       [2] _ready (res://rooms/underwater/batch-two/bio_lab_view.gd:4)
       [3] _ready (res://scripts/grid_canvas.gd:297)
       [4] _build_ui (res://scripts/main.gd:480)
       [5] _ready (res://scripts/main.gd:317)
       [6] run (res://tests/test_airlock.gd:135)
WARNING: Loaded resource as image file, this will not work on export: 'res://rooms/whole-room/nursery-master.png'. Instead, import the image file as an Image resource and load it normally as a resource.
   at: load (core/io/image.cpp:2756)
   GDScript backtrace (most recent call first):
       [0] _ready (res://rooms/whole-room/nursery_whole_view.gd:42)
       [1] _ready (res://rooms/whole-room/connected_rooms_view.gd:16)
       [2] _ready (res://rooms/underwater/batch-two/biodome_view.gd:9)
       [3] _ready (res://rooms/underwater/batch-two/bio_lab_view.gd:4)
       [4] _ready (res://scripts/grid_canvas.gd:297)
       [5] _build_ui (res://scripts/main.gd:480)
       [6] _ready (res://scripts/main.gd:317)
       [7] run (res://tests/test_airlock.gd:135)
WARNING: Loaded resource as image file, this will not work on export: 'res://rooms/whole-room/life-support-candidate.png'. Instead, import the image file as an Image resource and load it normally as a resource.
   at: load (core/io/image.cpp:2756)
   GDScript backtrace (most recent call first):
       [0] _ready (res://rooms/whole-room/connected_rooms_view.gd:13)
       [1] _ready (res://rooms/underwater/batch-two/data_archive_view.gd:18)
       [2] _ready (res://rooms/underwater/batch-two/holographic_core_view.gd:5)
       [3] _ready (res://scripts/grid_canvas.gd:301)
       [4] _build_ui (res://scripts/main.gd:480)
       [5] _ready (res://scripts/main.gd:317)
       [6] run (res://tests/test_airlock.gd:135)
WARNING: Loaded resource as image file, this will not work on export: 'res://rooms/whole-room/nursery-master.png'. Instead, import the image file as an Image resource and load it normally as a resource.
   at: load (core/io/image.cpp:2756)
   GDScript backtrace (most recent call first):
       [0] _ready (res://rooms/whole-room/nursery_whole_view.gd:42)
       [1] _ready (res://rooms/whole-room/connected_rooms_view.gd:16)
       [2] _ready (res://rooms/underwater/batch-two/data_archive_view.gd:18)
       [3] _ready (res://rooms/underwater/batch-two/holographic_core_view.gd:5)
       [4] _ready (res://scripts/grid_canvas.gd:301)
       [5] _build_ui (res://scripts/main.gd:480)
       [6] _ready (res://scripts/main.gd:317)
       [7] run (res://tests/test_airlock.gd:135)
WARNING: Loaded resource as image file, this will not work on export: 'res://rooms/whole-room/life-support-candidate.png'. Instead, import the image file as an Image resource and load it normally as a resource.
   at: load (core/io/image.cpp:2756)
   GDScript backtrace (most recent call first):
       [0] _ready (res://rooms/whole-room/connected_rooms_view.gd:13)
       [1] _ready (res://rooms/underwater/batch-two/cryo_chamber_view.gd:13)
       [2] _ready (res://rooms/underwater/batch-two/med_center_view.gd:11)
       [3] _ready (res://scripts/grid_canvas.gd:305)
       [4] _build_ui (res://scripts/main.gd:480)
       [5] _ready (res://scripts/main.gd:317)
       [6] run (res://tests/test_airlock.gd:135)
WARNING: Loaded resource as image file, this will not work on export: 'res://rooms/whole-room/nursery-master.png'. Instead, import the image file as an Image resource and load it normally as a resource.
   at: load (core/io/image.cpp:2756)
   GDScript backtrace (most recent call first):
       [0] _ready (res://rooms/whole-room/nursery_whole_view.gd:42)
       [1] _ready (res://rooms/whole-room/connected_rooms_view.gd:16)
       [2] _ready (res://rooms/underwater/batch-two/cryo_chamber_view.gd:13)
       [3] _ready (res://rooms/underwater/batch-two/med_center_view.gd:11)
       [4] _ready (res://scripts/grid_canvas.gd:305)
       [5] _build_ui (res://scripts/main.gd:480)
       [6] _ready (res://scripts/main.gd:317)
       [7] run (res://tests/test_airlock.gd:135)
WARNING: Loaded resource as image file, this will not work on export: 'res://rooms/whole-room/life-support-candidate.png'. Instead, import the image file as an Image resource and load it normally as a resource.
   at: load (core/io/image.cpp:2756)
   GDScript backtrace (most recent call first):
       [0] _ready (res://rooms/whole-room/connected_rooms_view.gd:13)
       [1] _ready (res://rooms/underwater/batch-two/cryo_chamber_view.gd:13)
       [2] _ready (res://rooms/underwater/batch-two/med_center_view.gd:11)
       [3] _ready (res://rooms/underwater/batch-two/med_office_view.gd:16)
       [4] _ready (res://scripts/grid_canvas.gd:309)
       [5] _build_ui (res://scripts/main.gd:480)
       [6] _ready (res://scripts/main.gd:317)
       [7] run (res://tests/test_airlock.gd:135)
WARNING: Loaded resource as image file, this will not work on export: 'res://rooms/whole-room/nursery-master.png'. Instead, import the image file as an Image resource and load it normally as a resource.
   at: load (core/io/image.cpp:2756)
   GDScript backtrace (most recent call first):
       [0] _ready (res://rooms/whole-room/nursery_whole_view.gd:42)
       [1] _ready (res://rooms/whole-room/connected_rooms_view.gd:16)
       [2] _ready (res://rooms/underwater/batch-two/cryo_chamber_view.gd:13)
       [3] _ready (res://rooms/underwater/batch-two/med_center_view.gd:11)
       [4] _ready (res://rooms/underwater/batch-two/med_office_view.gd:16)
       [5] _ready (res://scripts/grid_canvas.gd:309)
       [6] _build_ui (res://scripts/main.gd:480)
       [7] _ready (res://scripts/main.gd:317)
       [8] run (res://tests/test_airlock.gd:135)
WARNING: Loaded resource as image file, this will not work on export: 'res://rooms/whole-room/life-support-candidate.png'. Instead, import the image file as an Image resource and load it normally as a resource.
   at: load (core/io/image.cpp:2756)
   GDScript backtrace (most recent call first):
       [0] _ready (res://rooms/whole-room/connected_rooms_view.gd:13)
       [1] _ready (res://rooms/underwater/tidal-condenser/tidal_condenser_view.gd:6)
       [2] _ready (res://scripts/grid_canvas.gd:313)
       [3] _build_ui (res://scripts/main.gd:480)
       [4] _ready (res://scripts/main.gd:317)
       [5] run (res://tests/test_airlock.gd:135)
WARNING: Loaded resource as image file, this will not work on export: 'res://rooms/whole-room/nursery-master.png'. Instead, import the image file as an Image resource and load it normally as a resource.
   at: load (core/io/image.cpp:2756)
   GDScript backtrace (most recent call first):
       [0] _ready (res://rooms/whole-room/nursery_whole_view.gd:42)
       [1] _ready (res://rooms/whole-room/connected_rooms_view.gd:16)
       [2] _ready (res://rooms/underwater/tidal-condenser/tidal_condenser_view.gd:6)
       [3] _ready (res://scripts/grid_canvas.gd:313)
       [4] _build_ui (res://scripts/main.gd:480)
       [5] _ready (res://scripts/main.gd:317)
       [6] run (res://tests/test_airlock.gd:135)
WARNING: Loaded resource as image file, this will not work on export: 'res://rooms/whole-room/life-support-candidate.png'. Instead, import the image file as an Image resource and load it normally as a resource.
   at: load (core/io/image.cpp:2756)
   GDScript backtrace (most recent call first):
       [0] _ready (res://rooms/whole-room/connected_rooms_view.gd:13)
       [1] _ready (res://rooms/underwater/gravity-loom/gravity_loom_view.gd:10)
       [2] _ready (res://scripts/grid_canvas.gd:317)
       [3] _build_ui (res://scripts/main.gd:480)
       [4] _ready (res://scripts/main.gd:317)
       [5] run (res://tests/test_airlock.gd:135)
WARNING: Loaded resource as image file, this will not work on export: 'res://rooms/whole-room/nursery-master.png'. Instead, import the image file as an Image resource and load it normally as a resource.
   at: load (core/io/image.cpp:2756)
   GDScript backtrace (most recent call first):
       [0] _ready (res://rooms/whole-room/nursery_whole_view.gd:42)
       [1] _ready (res://rooms/whole-room/connected_rooms_view.gd:16)
       [2] _ready (res://rooms/underwater/gravity-loom/gravity_loom_view.gd:10)
       [3] _ready (res://scripts/grid_canvas.gd:317)
       [4] _build_ui (res://scripts/main.gd:480)
       [5] _ready (res://scripts/main.gd:317)
       [6] run (res://tests/test_airlock.gd:135)
WARNING: Loaded resource as image file, this will not work on export: 'res://rooms/whole-room/life-support-candidate.png'. Instead, import the image file as an Image resource and load it normally as a resource.
   at: load (core/io/image.cpp:2756)
   GDScript backtrace (most recent call first):
       [0] _ready (res://rooms/whole-room/connected_rooms_view.gd:13)
       [1] _ready (res://rooms/whole-room/underwater_life_support_view.gd:10)
       [2] _ready (res://rooms/underwater/rare-dead-ends/pressure_control_view.gd:3)
       [3] _ready (res://scripts/grid_canvas.gd:322)
       [4] _build_ui (res://scripts/main.gd:480)
       [5] _ready (res://scripts/main.gd:317)
       [6] run (res://tests/test_airlock.gd:135)
WARNING: Loaded resource as image file, this will not work on export: 'res://rooms/whole-room/nursery-master.png'. Instead, import the image file as an Image resource and load it normally as a resource.
   at: load (core/io/image.cpp:2756)
   GDScript backtrace (most recent call first):
       [0] _ready (res://rooms/whole-room/nursery_whole_view.gd:42)
       [1] _ready (res://rooms/whole-room/connected_rooms_view.gd:16)
       [2] _ready (res://rooms/whole-room/underwater_life_support_view.gd:10)
       [3] _ready (res://rooms/underwater/rare-dead-ends/pressure_control_view.gd:3)
       [4] _ready (res://scripts/grid_canvas.gd:322)
       [5] _build_ui (res://scripts/main.gd:480)
       [6] _ready (res://scripts/main.gd:317)
       [7] run (res://tests/test_airlock.gd:135)
WARNING: Loaded resource as image file, this will not work on export: 'res://rooms/whole-room/life-support-candidate.png'. Instead, import the image file as an Image resource and load it normally as a resource.
   at: load (core/io/image.cpp:2756)
   GDScript backtrace (most recent call first):
       [0] _ready (res://rooms/whole-room/connected_rooms_view.gd:13)
       [1] _ready (res://rooms/underwater/acoustic-comms/radio_lab_view.gd:6)
       [2] _ready (res://rooms/underwater/rare-dead-ends/listening_post_view.gd:3)
       [3] _ready (res://scripts/grid_canvas.gd:326)
       [4] _build_ui (res://scripts/main.gd:480)
       [5] _ready (res://scripts/main.gd:317)
       [6] run (res://tests/test_airlock.gd:135)
WARNING: Loaded resource as image file, this will not work on export: 'res://rooms/whole-room/nursery-master.png'. Instead, import the image file as an Image resource and load it normally as a resource.
   at: load (core/io/image.cpp:2756)
   GDScript backtrace (most recent call first):
       [0] _ready (res://rooms/whole-room/nursery_whole_view.gd:42)
       [1] _ready (res://rooms/whole-room/connected_rooms_view.gd:16)
       [2] _ready (res://rooms/underwater/acoustic-comms/radio_lab_view.gd:6)
       [3] _ready (res://rooms/underwater/rare-dead-ends/listening_post_view.gd:3)
       [4] _ready (res://scripts/grid_canvas.gd:326)
       [5] _build_ui (res://scripts/main.gd:480)
       [6] _ready (res://scripts/main.gd:317)
       [7] run (res://tests/test_airlock.gd:135)
WARNING: Loaded resource as image file, this will not work on export: 'res://rooms/whole-room/life-support-candidate.png'. Instead, import the image file as an Image resource and load it normally as a resource.
   at: load (core/io/image.cpp:2756)
   GDScript backtrace (most recent call first):
       [0] _ready (res://rooms/whole-room/connected_rooms_view.gd:13)
       [1] _ready (res://rooms/production-ten/battery_array_view.gd:11)
       [2] _ready (res://rooms/underwater/rare-dead-ends/isolation_vault_view.gd:3)
       [3] _ready (res://scripts/grid_canvas.gd:330)
       [4] _build_ui (res://scripts/main.gd:480)
       [5] _ready (res://scripts/main.gd:317)
       [6] run (res://tests/test_airlock.gd:135)
WARNING: Loaded resource as image file, this will not work on export: 'res://rooms/whole-room/nursery-master.png'. Instead, import the image file as an Image resource and load it normally as a resource.
   at: load (core/io/image.cpp:2756)
   GDScript backtrace (most recent call first):
       [0] _ready (res://rooms/whole-room/nursery_whole_view.gd:42)
       [1] _ready (res://rooms/whole-room/connected_rooms_view.gd:16)
       [2] _ready (res://rooms/production-ten/battery_array_view.gd:11)
       [3] _ready (res://rooms/underwater/rare-dead-ends/isolation_vault_view.gd:3)
       [4] _ready (res://scripts/grid_canvas.gd:330)
       [5] _build_ui (res://scripts/main.gd:480)
       [6] _ready (res://scripts/main.gd:317)
       [7] run (res://tests/test_airlock.gd:135)
WARNING: Loaded resource as image file, this will not work on export: 'res://rooms/whole-room/life-support-candidate.png'. Instead, import the image file as an Image resource and load it normally as a resource.
   at: load (core/io/image.cpp:2756)
   GDScript backtrace (most recent call first):
       [0] _ready (res://rooms/whole-room/connected_rooms_view.gd:13)
       [1] _ready (res://rooms/underwater/airlock-v1/airlock_view.gd:67)
       [2] _ready (res://scripts/grid_canvas.gd:334)
       [3] _build_ui (res://scripts/main.gd:480)
       [4] _ready (res://scripts/main.gd:317)
       [5] run (res://tests/test_airlock.gd:135)
WARNING: Loaded resource as image file, this will not work on export: 'res://rooms/whole-room/nursery-master.png'. Instead, import the image file as an Image resource and load it normally as a resource.
   at: load (core/io/image.cpp:2756)
   GDScript backtrace (most recent call first):
       [0] _ready (res://rooms/whole-room/nursery_whole_view.gd:42)
       [1] _ready (res://rooms/whole-room/connected_rooms_view.gd:16)
       [2] _ready (res://rooms/underwater/airlock-v1/airlock_view.gd:67)
       [3] _ready (res://scripts/grid_canvas.gd:334)
       [4] _build_ui (res://scripts/main.gd:480)
       [5] _ready (res://scripts/main.gd:317)
       [6] run (res://tests/test_airlock.gd:135)
WARNING: Loaded resource as image file, this will not work on export: 'res://rooms/whole-room/life-support-candidate.png'. Instead, import the image file as an Image resource and load it normally as a resource.
   at: load (core/io/image.cpp:2756)
   GDScript backtrace (most recent call first):
       [0] _ready (res://rooms/whole-room/connected_rooms_view.gd:13)
       [1] _ready (res://rooms/underwater/brine-core/brine_core_view.gd:28)
       [2] _ready (res://scripts/grid_canvas.gd:337)
       [3] _build_ui (res://scripts/main.gd:480)
       [4] _ready (res://scripts/main.gd:317)
       [5] run (res://tests/test_airlock.gd:135)
WARNING: Loaded resource as image file, this will not work on export: 'res://rooms/whole-room/nursery-master.png'. Instead, import the image file as an Image resource and load it normally as a resource.
   at: load (core/io/image.cpp:2756)
   GDScript backtrace (most recent call first):
       [0] _ready (res://rooms/whole-room/nursery_whole_view.gd:42)
       [1] _ready (res://rooms/whole-room/connected_rooms_view.gd:16)
       [2] _ready (res://rooms/underwater/brine-core/brine_core_view.gd:28)
       [3] _ready (res://scripts/grid_canvas.gd:337)
       [4] _build_ui (res://scripts/main.gd:480)
       [5] _ready (res://scripts/main.gd:317)
       [6] run (res://tests/test_airlock.gd:135)
WARNING: Loaded resource as image file, this will not work on export: 'res://rooms/whole-room/life-support-candidate.png'. Instead, import the image file as an Image resource and load it normally as a resource.
   at: load (core/io/image.cpp:2756)
   GDScript backtrace (most recent call first):
       [0] _ready (res://rooms/whole-room/connected_rooms_view.gd:13)
       [1] _ready (res://rooms/underwater/hull-integrity/shield_generator_view.gd:6)
       [2] _ready (res://scripts/grid_canvas.gd:341)
       [3] _build_ui (res://scripts/main.gd:480)
       [4] _ready (res://scripts/main.gd:317)
       [5] run (res://tests/test_airlock.gd:135)
WARNING: Loaded resource as image file, this will not work on export: 'res://rooms/whole-room/nursery-master.png'. Instead, import the image file as an Image resource and load it normally as a resource.
   at: load (core/io/image.cpp:2756)
   GDScript backtrace (most recent call first):
       [0] _ready (res://rooms/whole-room/nursery_whole_view.gd:42)
       [1] _ready (res://rooms/whole-room/connected_rooms_view.gd:16)
       [2] _ready (res://rooms/underwater/hull-integrity/shield_generator_view.gd:6)
       [3] _ready (res://scripts/grid_canvas.gd:341)
       [4] _build_ui (res://scripts/main.gd:480)
       [5] _ready (res://scripts/main.gd:317)
       [6] run (res://tests/test_airlock.gd:135)
WARNING: Loaded resource as image file, this will not work on export: 'res://rooms/whole-room/life-support-candidate.png'. Instead, import the image file as an Image resource and load it normally as a resource.
   at: load (core/io/image.cpp:2756)
   GDScript backtrace (most recent call first):
       [0] _ready (res://rooms/whole-room/connected_rooms_view.gd:13)
       [1] _ready (res://rooms/underwater/acoustic-comms/radio_lab_view.gd:6)
       [2] _ready (res://scripts/grid_canvas.gd:345)
       [3] _build_ui (res://scripts/main.gd:480)
       [4] _ready (res://scripts/main.gd:317)
       [5] run (res://tests/test_airlock.gd:135)
WARNING: Loaded resource as image file, this will not work on export: 'res://rooms/whole-room/nursery-master.png'. Instead, import the image file as an Image resource and load it normally as a resource.
   at: load (core/io/image.cpp:2756)
   GDScript backtrace (most recent call first):
       [0] _ready (res://rooms/whole-room/nursery_whole_view.gd:42)
       [1] _ready (res://rooms/whole-room/connected_rooms_view.gd:16)
       [2] _ready (res://rooms/underwater/acoustic-comms/radio_lab_view.gd:6)
       [3] _ready (res://scripts/grid_canvas.gd:345)
       [4] _build_ui (res://scripts/main.gd:480)
       [5] _ready (res://scripts/main.gd:317)
       [6] run (res://tests/test_airlock.gd:135)
WARNING: Loaded resource as image file, this will not work on export: 'res://rooms/whole-room/life-support-candidate.png'. Instead, import the image file as an Image resource and load it normally as a resource.
   at: load (core/io/image.cpp:2756)
   GDScript backtrace (most recent call first):
       [0] _ready (res://rooms/whole-room/connected_rooms_view.gd:13)
       [1] _ready (res://rooms/underwater/thermal-control/solar_array_view.gd:6)
       [2] _ready (res://scripts/grid_canvas.gd:349)
       [3] _build_ui (res://scripts/main.gd:480)
       [4] _ready (res://scripts/main.gd:317)
       [5] run (res://tests/test_airlock.gd:135)
WARNING: Loaded resource as image file, this will not work on export: 'res://rooms/whole-room/nursery-master.png'. Instead, import the image file as an Image resource and load it normally as a resource.
   at: load (core/io/image.cpp:2756)
   GDScript backtrace (most recent call first):
       [0] _ready (res://rooms/whole-room/nursery_whole_view.gd:42)
       [1] _ready (res://rooms/whole-room/connected_rooms_view.gd:16)
       [2] _ready (res://rooms/underwater/thermal-control/solar_array_view.gd:6)
       [3] _ready (res://scripts/grid_canvas.gd:349)
       [4] _build_ui (res://scripts/main.gd:480)
       [5] _ready (res://scripts/main.gd:317)
       [6] run (res://tests/test_airlock.gd:135)
WARNING: Loaded resource as image file, this will not work on export: 'res://rooms/whole-room/life-support-candidate.png'. Instead, import the image file as an Image resource and load it normally as a resource.
   at: load (core/io/image.cpp:2756)
   GDScript backtrace (most recent call first):
       [0] _ready (res://rooms/whole-room/connected_rooms_view.gd:13)
       [1] _ready (res://rooms/production-ten/battery_array_view.gd:11)
       [2] _ready (res://scripts/grid_canvas.gd:353)
       [3] _build_ui (res://scripts/main.gd:480)
       [4] _ready (res://scripts/main.gd:317)
       [5] run (res://tests/test_airlock.gd:135)
WARNING: Loaded resource as image file, this will not work on export: 'res://rooms/whole-room/nursery-master.png'. Instead, import the image file as an Image resource and load it normally as a resource.
   at: load (core/io/image.cpp:2756)
   GDScript backtrace (most recent call first):
       [0] _ready (res://rooms/whole-room/nursery_whole_view.gd:42)
       [1] _ready (res://rooms/whole-room/connected_rooms_view.gd:16)
       [2] _ready (res://rooms/production-ten/battery_array_view.gd:11)
       [3] _ready (res://scripts/grid_canvas.gd:353)
       [4] _build_ui (res://scripts/main.gd:480)
       [5] _ready (res://scripts/main.gd:317)
       [6] run (res://tests/test_airlock.gd:135)
WARNING: Loaded resource as image file, this will not work on export: 'res://rooms/whole-room/life-support-candidate.png'. Instead, import the image file as an Image resource and load it normally as a resource.
   at: load (core/io/image.cpp:2756)
   GDScript backtrace (most recent call first):
       [0] _ready (res://rooms/whole-room/connected_rooms_view.gd:13)
       [1] _ready (res://rooms/production-ten/research_lab_view.gd:10)
       [2] _ready (res://scripts/grid_canvas.gd:357)
       [3] _build_ui (res://scripts/main.gd:480)
       [4] _ready (res://scripts/main.gd:317)
       [5] run (res://tests/test_airlock.gd:135)
WARNING: Loaded resource as image file, this will not work on export: 'res://rooms/whole-room/nursery-master.png'. Instead, import the image file as an Image resource and load it normally as a resource.
   at: load (core/io/image.cpp:2756)
   GDScript backtrace (most recent call first):
       [0] _ready (res://rooms/whole-room/nursery_whole_view.gd:42)
       [1] _ready (res://rooms/whole-room/connected_rooms_view.gd:16)
       [2] _ready (res://rooms/production-ten/research_lab_view.gd:10)
       [3] _ready (res://scripts/grid_canvas.gd:357)
       [4] _build_ui (res://scripts/main.gd:480)
       [5] _ready (res://scripts/main.gd:317)
       [6] run (res://tests/test_airlock.gd:135)
WARNING: Loaded resource as image file, this will not work on export: 'res://rooms/whole-room/life-support-candidate.png'. Instead, import the image file as an Image resource and load it normally as a resource.
   at: load (core/io/image.cpp:2756)
   GDScript backtrace (most recent call first):
       [0] _ready (res://rooms/whole-room/connected_rooms_view.gd:13)
       [1] _ready (res://rooms/production-ten/maintenance_bay_view.gd:9)
       [2] _ready (res://scripts/grid_canvas.gd:361)
       [3] _build_ui (res://scripts/main.gd:480)
       [4] _ready (res://scripts/main.gd:317)
       [5] run (res://tests/test_airlock.gd:135)
WARNING: Loaded resource as image file, this will not work on export: 'res://rooms/whole-room/nursery-master.png'. Instead, import the image file as an Image resource and load it normally as a resource.
   at: load (core/io/image.cpp:2756)
   GDScript backtrace (most recent call first):
       [0] _ready (res://rooms/whole-room/nursery_whole_view.gd:42)
       [1] _ready (res://rooms/whole-room/connected_rooms_view.gd:16)
       [2] _ready (res://rooms/production-ten/maintenance_bay_view.gd:9)
       [3] _ready (res://scripts/grid_canvas.gd:361)
       [4] _build_ui (res://scripts/main.gd:480)
       [5] _ready (res://scripts/main.gd:317)
       [6] run (res://tests/test_airlock.gd:135)
WARNING: Loaded resource as image file, this will not work on export: 'res://rooms/whole-room/life-support-candidate.png'. Instead, import the image file as an Image resource and load it normally as a resource.
   at: load (core/io/image.cpp:2756)
   GDScript backtrace (most recent call first):
       [0] _ready (res://rooms/whole-room/connected_rooms_view.gd:13)
       [1] _ready (res://rooms/production-ten/storage_bay_view.gd:6)
       [2] _ready (res://scripts/grid_canvas.gd:365)
       [3] _build_ui (res://scripts/main.gd:480)
       [4] _ready (res://scripts/main.gd:317)
       [5] run (res://tests/test_airlock.gd:135)
WARNING: Loaded resource as image file, this will not work on export: 'res://rooms/whole-room/nursery-master.png'. Instead, import the image file as an Image resource and load it normally as a resource.
   at: load (core/io/image.cpp:2756)
   GDScript backtrace (most recent call first):
       [0] _ready (res://rooms/whole-room/nursery_whole_view.gd:42)
       [1] _ready (res://rooms/whole-room/connected_rooms_view.gd:16)
       [2] _ready (res://rooms/production-ten/storage_bay_view.gd:6)
       [3] _ready (res://scripts/grid_canvas.gd:365)
       [4] _build_ui (res://scripts/main.gd:480)
       [5] _ready (res://scripts/main.gd:317)
       [6] run (res://tests/test_airlock.gd:135)
WARNING: Loaded resource as image file, this will not work on export: 'res://rooms/whole-room/life-support-candidate.png'. Instead, import the image file as an Image resource and load it normally as a resource.
   at: load (core/io/image.cpp:2756)
   GDScript backtrace (most recent call first):
       [0] _ready (res://rooms/whole-room/connected_rooms_view.gd:13)
       [1] _ready (res://rooms/production-ten/ore_refinery_view.gd:6)
       [2] _ready (res://scripts/grid_canvas.gd:369)
       [3] _build_ui (res://scripts/main.gd:480)
       [4] _ready (res://scripts/main.gd:317)
       [5] run (res://tests/test_airlock.gd:135)
WARNING: Loaded resource as image file, this will not work on export: 'res://rooms/whole-room/nursery-master.png'. Instead, import the image file as an Image resource and load it normally as a resource.
   at: load (core/io/image.cpp:2756)
   GDScript backtrace (most recent call first):
       [0] _ready (res://rooms/whole-room/nursery_whole_view.gd:42)
       [1] _ready (res://rooms/whole-room/connected_rooms_view.gd:16)
       [2] _ready (res://rooms/production-ten/ore_refinery_view.gd:6)
       [3] _ready (res://scripts/grid_canvas.gd:369)
       [4] _build_ui (res://scripts/main.gd:480)
       [5] _ready (res://scripts/main.gd:317)
       [6] run (res://tests/test_airlock.gd:135)
WARNING: Loaded resource as image file, this will not work on export: 'res://rooms/whole-room/life-support-candidate.png'. Instead, import the image file as an Image resource and load it normally as a resource.
   at: load (core/io/image.cpp:2756)
   GDScript backtrace (most recent call first):
       [0] _ready (res://rooms/whole-room/connected_rooms_view.gd:13)
       [1] _ready (res://rooms/production-ten/mining_drone_bay_view.gd:13)
       [2] _ready (res://scripts/grid_canvas.gd:373)
       [3] _build_ui (res://scripts/main.gd:480)
       [4] _ready (res://scripts/main.gd:317)
       [5] run (res://tests/test_airlock.gd:135)
WARNING: Loaded resource as image file, this will not work on export: 'res://rooms/whole-room/nursery-master.png'. Instead, import the image file as an Image resource and load it normally as a resource.
   at: load (core/io/image.cpp:2756)
   GDScript backtrace (most recent call first):
       [0] _ready (res://rooms/whole-room/nursery_whole_view.gd:42)
       [1] _ready (res://rooms/whole-room/connected_rooms_view.gd:16)
       [2] _ready (res://rooms/production-ten/mining_drone_bay_view.gd:13)
       [3] _ready (res://scripts/grid_canvas.gd:373)
       [4] _build_ui (res://scripts/main.gd:480)
       [5] _ready (res://scripts/main.gd:317)
       [6] run (res://tests/test_airlock.gd:135)
WARNING: Loaded resource as image file, this will not work on export: 'res://rooms/whole-room/life-support-candidate.png'. Instead, import the image file as an Image resource and load it normally as a resource.
   at: load (core/io/image.cpp:2756)
   GDScript backtrace (most recent call first):
       [0] _ready (res://rooms/whole-room/connected_rooms_view.gd:13)
       [1] _ready (res://rooms/production-ten/mining_drone_bay_view.gd:13)
       [2] _ready (res://rooms/production-ten/construction_drone_bay_view.gd:4)
       [3] _ready (res://scripts/grid_canvas.gd:377)
       [4] _build_ui (res://scripts/main.gd:480)
       [5] _ready (res://scripts/main.gd:317)
       [6] run (res://tests/test_airlock.gd:135)
WARNING: Loaded resource as image file, this will not work on export: 'res://rooms/whole-room/nursery-master.png'. Instead, import the image file as an Image resource and load it normally as a resource.
   at: load (core/io/image.cpp:2756)
   GDScript backtrace (most recent call first):
       [0] _ready (res://rooms/whole-room/nursery_whole_view.gd:42)
       [1] _ready (res://rooms/whole-room/connected_rooms_view.gd:16)
       [2] _ready (res://rooms/production-ten/mining_drone_bay_view.gd:13)
       [3] _ready (res://rooms/production-ten/construction_drone_bay_view.gd:4)
       [4] _ready (res://scripts/grid_canvas.gd:377)
       [5] _build_ui (res://scripts/main.gd:480)
       [6] _ready (res://scripts/main.gd:317)
       [7] run (res://tests/test_airlock.gd:135)
WARNING: Loaded resource as image file, this will not work on export: 'res://rooms/whole-room/life-support-candidate.png'. Instead, import the image file as an Image resource and load it normally as a resource.
   at: load (core/io/image.cpp:2756)
   GDScript backtrace (most recent call first):
       [0] _ready (res://rooms/whole-room/connected_rooms_view.gd:13)
       [1] _ready (res://rooms/production-ten/salvage_drone_bay_view.gd:11)
       [2] _ready (res://scripts/grid_canvas.gd:381)
       [3] _build_ui (res://scripts/main.gd:480)
       [4] _ready (res://scripts/main.gd:317)
       [5] run (res://tests/test_airlock.gd:135)
WARNING: Loaded resource as image file, this will not work on export: 'res://rooms/whole-room/nursery-master.png'. Instead, import the image file as an Image resource and load it normally as a resource.
   at: load (core/io/image.cpp:2756)
   GDScript backtrace (most recent call first):
       [0] _ready (res://rooms/whole-room/nursery_whole_view.gd:42)
       [1] _ready (res://rooms/whole-room/connected_rooms_view.gd:16)
       [2] _ready (res://rooms/production-ten/salvage_drone_bay_view.gd:11)
       [3] _ready (res://scripts/grid_canvas.gd:381)
       [4] _build_ui (res://scripts/main.gd:480)
       [5] _ready (res://scripts/main.gd:317)
       [6] run (res://tests/test_airlock.gd:135)
WARNING: Loaded resource as image file, this will not work on export: 'res://rooms/whole-room/life-support-candidate.png'. Instead, import the image file as an Image resource and load it normally as a resource.
   at: load (core/io/image.cpp:2756)
   GDScript backtrace (most recent call first):
       [0] _ready (res://rooms/whole-room/connected_rooms_view.gd:13)
       [1] _ready (res://rooms/production-ten/crew_lounge_view.gd:7)
       [2] _ready (res://scripts/grid_canvas.gd:385)
       [3] _build_ui (res://scripts/main.gd:480)
       [4] _ready (res://scripts/main.gd:317)
       [5] run (res://tests/test_airlock.gd:135)
WARNING: Loaded resource as image file, this will not work on export: 'res://rooms/whole-room/nursery-master.png'. Instead, import the image file as an Image resource and load it normally as a resource.
   at: load (core/io/image.cpp:2756)
   GDScript backtrace (most recent call first):
       [0] _ready (res://rooms/whole-room/nursery_whole_view.gd:42)
       [1] _ready (res://rooms/whole-room/connected_rooms_view.gd:16)
       [2] _ready (res://rooms/production-ten/crew_lounge_view.gd:7)
       [3] _ready (res://scripts/grid_canvas.gd:385)
       [4] _build_ui (res://scripts/main.gd:480)
       [5] _ready (res://scripts/main.gd:317)
       [6] run (res://tests/test_airlock.gd:135)
WARNING: Loaded resource as image file, this will not work on export: 'res://rooms/whole-room/life-support-candidate.png'. Instead, import the image file as an Image resource and load it normally as a resource.
   at: load (core/io/image.cpp:2756)
   GDScript backtrace (most recent call first):
       [0] _ready (res://rooms/whole-room/connected_rooms_view.gd:13)
       [1] _ready (res://rooms/production-ten/command_center_view.gd:10)
       [2] _ready (res://scripts/grid_canvas.gd:389)
       [3] _build_ui (res://scripts/main.gd:480)
       [4] _ready (res://scripts/main.gd:317)
       [5] run (res://tests/test_airlock.gd:135)
WARNING: Loaded resource as image file, this will not work on export: 'res://rooms/whole-room/nursery-master.png'. Instead, import the image file as an Image resource and load it normally as a resource.
   at: load (core/io/image.cpp:2756)
   GDScript backtrace (most recent call first):
       [0] _ready (res://rooms/whole-room/nursery_whole_view.gd:42)
       [1] _ready (res://rooms/whole-room/connected_rooms_view.gd:16)
       [2] _ready (res://rooms/production-ten/command_center_view.gd:10)
       [3] _ready (res://scripts/grid_canvas.gd:389)
       [4] _build_ui (res://scripts/main.gd:480)
       [5] _ready (res://scripts/main.gd:317)
       [6] run (res://tests/test_airlock.gd:135)
WARNING: Loaded resource as image file, this will not work on export: 'res://rooms/whole-room/life-support-candidate.png'. Instead, import the image file as an Image resource and load it normally as a resource.
   at: load (core/io/image.cpp:2756)
   GDScript backtrace (most recent call first):
       [0] _ready (res://rooms/whole-room/connected_rooms_view.gd:13)
       [1] _ready (res://rooms/production-ten/quarantine_cell_view.gd:11)
       [2] _ready (res://scripts/grid_canvas.gd:393)
       [3] _build_ui (res://scripts/main.gd:480)
       [4] _ready (res://scripts/main.gd:317)
       [5] run (res://tests/test_airlock.gd:135)
WARNING: Loaded resource as image file, this will not work on export: 'res://rooms/whole-room/nursery-master.png'. Instead, import the image file as an Image resource and load it normally as a resource.
   at: load (core/io/image.cpp:2756)
   GDScript backtrace (most recent call first):
       [0] _ready (res://rooms/whole-room/nursery_whole_view.gd:42)
       [1] _ready (res://rooms/whole-room/connected_rooms_view.gd:16)
       [2] _ready (res://rooms/production-ten/quarantine_cell_view.gd:11)
       [3] _ready (res://scripts/grid_canvas.gd:393)
       [4] _build_ui (res://scripts/main.gd:480)
       [5] _ready (res://scripts/main.gd:317)
       [6] run (res://tests/test_airlock.gd:135)
AIRLOCK PASS: all three architects, four rotations, 1039 travel samples, equipment/return, ten interlock phases, power interruption, pause, disk saves and UI
